Archive member included to satisfy reference by file (symbol)

D:/ST/STM32CubeIDE_2.2.0/STM32CubeIDE/plugins/com.st.stm32cube.ide.mcu.externaltools.gnu-tools-for-stm32.14.3.rel1.win32_1.0.100.202602081740/tools/bin/../lib/gcc/arm-none-eabi/14.3.1/../../../../arm-none-eabi/lib/thumb/v7e-m+fp/hard\libc_nano.a(libc_a-exit.o)
                              D:/ST/STM32CubeIDE_2.2.0/STM32CubeIDE/plugins/com.st.stm32cube.ide.mcu.externaltools.gnu-tools-for-stm32.14.3.rel1.win32_1.0.100.202602081740/tools/bin/../lib/gcc/arm-none-eabi/14.3.1/../../../../arm-none-eabi/lib/thumb/v7e-m+fp/hard/crt0.o (exit)
D:/ST/STM32CubeIDE_2.2.0/STM32CubeIDE/plugins/com.st.stm32cube.ide.mcu.externaltools.gnu-tools-for-stm32.14.3.rel1.win32_1.0.100.202602081740/tools/bin/../lib/gcc/arm-none-eabi/14.3.1/../../../../arm-none-eabi/lib/thumb/v7e-m+fp/hard\libc_nano.a(libc_a-findfp.o)
                              D:/ST/STM32CubeIDE_2.2.0/STM32CubeIDE/plugins/com.st.stm32cube.ide.mcu.externaltools.gnu-tools-for-stm32.14.3.rel1.win32_1.0.100.202602081740/tools/bin/../lib/gcc/arm-none-eabi/14.3.1/../../../../arm-none-eabi/lib/thumb/v7e-m+fp/hard\libc_nano.a(libc_a-exit.o) (__stdio_exit_handler)
D:/ST/STM32CubeIDE_2.2.0/STM32CubeIDE/plugins/com.st.stm32cube.ide.mcu.externaltools.gnu-tools-for-stm32.14.3.rel1.win32_1.0.100.202602081740/tools/bin/../lib/gcc/arm-none-eabi/14.3.1/../../../../arm-none-eabi/lib/thumb/v7e-m+fp/hard\libc_nano.a(libc_a-fwalk.o)
                              D:/ST/STM32CubeIDE_2.2.0/STM32CubeIDE/plugins/com.st.stm32cube.ide.mcu.externaltools.gnu-tools-for-stm32.14.3.rel1.win32_1.0.100.202602081740/tools/bin/../lib/gcc/arm-none-eabi/14.3.1/../../../../arm-none-eabi/lib/thumb/v7e-m+fp/hard\libc_nano.a(libc_a-findfp.o) (_fwalk_sglue)
D:/ST/STM32CubeIDE_2.2.0/STM32CubeIDE/plugins/com.st.stm32cube.ide.mcu.externaltools.gnu-tools-for-stm32.14.3.rel1.win32_1.0.100.202602081740/tools/bin/../lib/gcc/arm-none-eabi/14.3.1/../../../../arm-none-eabi/lib/thumb/v7e-m+fp/hard\libc_nano.a(libc_a-stdio.o)
                              D:/ST/STM32CubeIDE_2.2.0/STM32CubeIDE/plugins/com.st.stm32cube.ide.mcu.externaltools.gnu-tools-for-stm32.14.3.rel1.win32_1.0.100.202602081740/tools/bin/../lib/gcc/arm-none-eabi/14.3.1/../../../../arm-none-eabi/lib/thumb/v7e-m+fp/hard\libc_nano.a(libc_a-findfp.o) (__sread)
D:/ST/STM32CubeIDE_2.2.0/STM32CubeIDE/plugins/com.st.stm32cube.ide.mcu.externaltools.gnu-tools-for-stm32.14.3.rel1.win32_1.0.100.202602081740/tools/bin/../lib/gcc/arm-none-eabi/14.3.1/../../../../arm-none-eabi/lib/thumb/v7e-m+fp/hard\libc_nano.a(libc_a-memset.o)
                              D:/ST/STM32CubeIDE_2.2.0/STM32CubeIDE/plugins/com.st.stm32cube.ide.mcu.externaltools.gnu-tools-for-stm32.14.3.rel1.win32_1.0.100.202602081740/tools/bin/../lib/gcc/arm-none-eabi/14.3.1/../../../../arm-none-eabi/lib/thumb/v7e-m+fp/hard/crt0.o (memset)
D:/ST/STM32CubeIDE_2.2.0/STM32CubeIDE/plugins/com.st.stm32cube.ide.mcu.externaltools.gnu-tools-for-stm32.14.3.rel1.win32_1.0.100.202602081740/tools/bin/../lib/gcc/arm-none-eabi/14.3.1/../../../../arm-none-eabi/lib/thumb/v7e-m+fp/hard\libc_nano.a(libc_a-closer.o)
                              D:/ST/STM32CubeIDE_2.2.0/STM32CubeIDE/plugins/com.st.stm32cube.ide.mcu.externaltools.gnu-tools-for-stm32.14.3.rel1.win32_1.0.100.202602081740/tools/bin/../lib/gcc/arm-none-eabi/14.3.1/../../../../arm-none-eabi/lib/thumb/v7e-m+fp/hard\libc_nano.a(libc_a-stdio.o) (_close_r)
D:/ST/STM32CubeIDE_2.2.0/STM32CubeIDE/plugins/com.st.stm32cube.ide.mcu.externaltools.gnu-tools-for-stm32.14.3.rel1.win32_1.0.100.202602081740/tools/bin/../lib/gcc/arm-none-eabi/14.3.1/../../../../arm-none-eabi/lib/thumb/v7e-m+fp/hard\libc_nano.a(libc_a-reent.o)
                              D:/ST/STM32CubeIDE_2.2.0/STM32CubeIDE/plugins/com.st.stm32cube.ide.mcu.externaltools.gnu-tools-for-stm32.14.3.rel1.win32_1.0.100.202602081740/tools/bin/../lib/gcc/arm-none-eabi/14.3.1/../../../../arm-none-eabi/lib/thumb/v7e-m+fp/hard\libc_nano.a(libc_a-closer.o) (errno)
D:/ST/STM32CubeIDE_2.2.0/STM32CubeIDE/plugins/com.st.stm32cube.ide.mcu.externaltools.gnu-tools-for-stm32.14.3.rel1.win32_1.0.100.202602081740/tools/bin/../lib/gcc/arm-none-eabi/14.3.1/../../../../arm-none-eabi/lib/thumb/v7e-m+fp/hard\libc_nano.a(libc_a-impure.o)
                              D:/ST/STM32CubeIDE_2.2.0/STM32CubeIDE/plugins/com.st.stm32cube.ide.mcu.externaltools.gnu-tools-for-stm32.14.3.rel1.win32_1.0.100.202602081740/tools/bin/../lib/gcc/arm-none-eabi/14.3.1/../../../../arm-none-eabi/lib/thumb/v7e-m+fp/hard\libc_nano.a(libc_a-reent.o) (_impure_ptr)
D:/ST/STM32CubeIDE_2.2.0/STM32CubeIDE/plugins/com.st.stm32cube.ide.mcu.externaltools.gnu-tools-for-stm32.14.3.rel1.win32_1.0.100.202602081740/tools/bin/../lib/gcc/arm-none-eabi/14.3.1/../../../../arm-none-eabi/lib/thumb/v7e-m+fp/hard\libc_nano.a(libc_a-lseekr.o)
[...]
Memory Configuration

Name             Origin             Length             Attributes
RAM              0x20000000         0x00020000         xrw
FLASH            0x08000000         0x00080000         xr
*default*        0x00000000         0xffffffff

Linker script and memory map

LOAD D:/ST/STM32CubeIDE_2.2.0/STM32CubeIDE/plugins/com.st.stm32cube.ide.mcu.externaltools.gnu-tools-for-stm32.14.3.rel1.win32_1.0.100.202602081740/tools/bin/../lib/gcc/arm-none-eabi/14.3.1/thumb/v7e-m+fp/hard/crti.o
LOAD D:/ST/STM32CubeIDE_2.2.0/STM32CubeIDE/plugins/com.st.stm32cube.ide.mcu.externaltools.gnu-tools-for-stm32.14.3.rel1.win32_1.0.100.202602081740/tools/bin/../lib/gcc/arm-none-eabi/14.3.1/thumb/v7e-m+fp/hard/crtbegin.o
LOAD D:/ST/STM32CubeIDE_2.2.0/STM32CubeIDE/plugins/com.st.stm32cube.ide.mcu.externaltools.gnu-tools-for-stm32.14.3.rel1.win32_1.0.100.202602081740/tools/bin/../lib/gcc/arm-none-eabi/14.3.1/../../../../arm-none-eabi/lib/thumb/v7e-m+fp/hard/crt0.o
LOAD ./Core/Src/main.o
LOAD ./Core/Src/stm32f4xx_hal_msp.o
LOAD ./Core/Src/stm32f4xx_it.o
LOAD ./Core/Src/syscalls.o
LOAD ./Core/Src/sysmem.o
LOAD ./Core/Src/system_stm32f4xx.o
LOAD ./Core/Src/usbd_hid.o
LOAD ./Core/Startup/startup_stm32f411ceux.o
LOAD ./Drivers/STM32F4xx_HAL_Driver/Src/stm32f4xx_hal.o
LOAD ./Drivers/STM32F4xx_HAL_Driver/Src/stm32f4xx_hal_adc.o
LOAD ./Drivers/STM32F4xx_HAL_Driver/Src/stm32f4xx_hal_adc_ex.o
LOAD ./Drivers/STM32F4xx_HAL_Driver/Src/stm32f4xx_hal_cortex.o
LOAD ./Drivers/STM32F4xx_HAL_Driver/Src/stm32f4xx_hal_dma.o
LOAD ./Drivers/STM32F4xx_HAL_Driver/Src/stm32f4xx_hal_dma_ex.o
LOAD ./Drivers/STM32F4xx_HAL_Driver/Src/stm32f4xx_hal_exti.o
LOAD ./Drivers/STM32F4xx_HAL_Driver/Src/stm32f4xx_hal_flash.o
LOAD ./Drivers/STM32F4xx_HAL_Driver/Src/stm32f4xx_hal_flash_ex.o
LOAD ./Drivers/STM32F4xx_HAL_Driver/Src/stm32f4xx_hal_flash_ramfunc.o
LOAD ./Drivers/STM32F4xx_HAL_Driver/Src/stm32f4xx_hal_gpio.o
LOAD ./Drivers/STM32F4xx_HAL_Driver/Src/stm32f4xx_hal_pcd.o
LOAD ./Drivers/STM32F4xx_HAL_Driver/Src/stm32f4xx_hal_pcd_ex.o
LOAD ./Drivers/STM32F4xx_HAL_Driver/Src/stm32f4xx_hal_pwr.o
LOAD ./Drivers/STM32F4xx_HAL_Driver/Src/stm32f4xx_hal_pwr_ex.o
LOAD ./Drivers/STM32F4xx_HAL_Driver/Src/stm32f4xx_hal_rcc.o
LOAD ./Drivers/STM32F4xx_HAL_Driver/Src/stm32f4xx_hal_rcc_ex.o
LOAD ./Drivers/STM32F4xx_HAL_Driver/Src/stm32f4xx_ll_adc.o
LOAD ./Drivers/STM32F4xx_HAL_Driver/Src/stm32f4xx_ll_usb.o
LOAD ./Middlewares/ST/STM32_USB_Device_Library/Core/Src/usbd_core.o
LOAD ./Middlewares/ST/STM32_USB_Device_Library/Core/Src/usbd_ctlreq.o
LOAD ./Middlewares/ST/STM32_USB_Device_Library/Core/Src/usbd_ioreq.o
LOAD ./USB_DEVICE/App/usb_device.o
LOAD ./USB_DEVICE/App/usbd_desc.o
LOAD ./USB_DEVICE/Target/usbd_conf.o
START GROUP
LOAD D:/ST/STM32CubeIDE_2.2.0/STM32CubeIDE/plugins/com.st.stm32cube.ide.mcu.externaltools.gnu-tools-for-stm32.14.3.rel1.win32_1.0.100.202602081740/tools/bin/../lib/gcc/arm-none-eabi/14.3.1/../../../../arm-none-eabi/lib/thumb/v7e-m+fp/hard\libc_nano.a
LOAD D:/ST/STM32CubeIDE_2.2.0/STM32CubeIDE/plugins/com.st.stm32cube.ide.mcu.externaltools.gnu-tools-for-stm32.14.3.rel1.win32_1.0.100.202602081740/tools/bin/../lib/gcc/arm-none-eabi/14.3.1/../../../../arm-none-eabi/lib/thumb/v7e-m+fp/hard\libm.a
END GROUP
START GROUP
LOAD D:/ST/STM32CubeIDE_2.2.0/STM32CubeIDE/plugins/com.st.stm32cube.ide.mcu.externaltools.gnu-tools-for-stm32.14.3.rel1.win32_1.0.100.202602081740/tools/bin/../lib/gcc/arm-none-eabi/14.3.1/thumb/v7e-m+fp/hard\libgcc.a
LOAD D:/ST/STM32CubeIDE_2.2.0/STM32CubeIDE/plugins/com.st.stm32cube.ide.mcu.externaltools.gnu-tools-for-stm32.14.3.rel1.win32_1.0.100.202602081740/tools/bin/../lib/gcc/arm-none-eabi/14.3.1/../../../../arm-none-eabi/lib/thumb/v7e-m+fp/hard\libc_nano.a
END GROUP
START GROUP
LOAD D:/ST/STM32CubeIDE_2.2.0/STM32CubeIDE/plugins/com.st.stm32cube.ide.mcu.externaltools.gnu-tools-for-stm32.14.3.rel1.win32_1.0.100.202602081740/tools/bin/../lib/gcc/arm-none-eabi/14.3.1/thumb/v7e-m+fp/hard\libgcc.a
LOAD D:/ST/STM32CubeIDE_2.2.0/STM32CubeIDE/plugins/com.st.stm32cube.ide.mcu.externaltools.gnu-tools-for-stm32.14.3.rel1.win32_1.0.100.202602081740/tools/bin/../lib/gcc/arm-none-eabi/14.3.1/../../../../arm-none-eabi/lib/thumb/v7e-m+fp/hard\libc_nano.a
LOAD D:/ST/STM32CubeIDE_2.2.0/STM32CubeIDE/plugins/com.st.stm32cube.ide.mcu.externaltools.gnu-tools-for-stm32.14.3.rel1.win32_1.0.100.202602081740/tools/bin/../lib/gcc/arm-none-eabi/14.3.1/../../../../arm-none-eabi/lib/thumb/v7e-m+fp/hard\libnosys.a
END GROUP
START GROUP
LOAD D:/ST/STM32CubeIDE_2.2.0/STM32CubeIDE/plugins/com.st.stm32cube.ide.mcu.externaltools.gnu-tools-for-stm32.14.3.rel1.win32_1.0.100.202602081740/tools/bin/../lib/gcc/arm-none-eabi/14.3.1/thumb/v7e-m+fp/hard\libgcc.a
LOAD D:/ST/STM32CubeIDE_2.2.0/STM32CubeIDE/plugins/com.st.stm32cube.ide.mcu.externaltools.gnu-tools-for-stm32.14.3.rel1.win32_1.0.100.202602081740/tools/bin/../lib/gcc/arm-none-eabi/14.3.1/../../../../arm-none-eabi/lib/thumb/v7e-m+fp/hard\libc_nano.a
LOAD D:/ST/STM32CubeIDE_2.2.0/STM32CubeIDE/plugins/com.st.stm32cube.ide.mcu.externaltools.gnu-tools-for-stm32.14.3.rel1.win32_1.0.100.202602081740/tools/bin/../lib/gcc/arm-none-eabi/14.3.1/../../../../arm-none-eabi/lib/thumb/v7e-m+fp/hard\libnosys.a
END GROUP
LOAD D:/ST/STM32CubeIDE_2.2.0/STM32CubeIDE/plugins/com.st.stm32cube.ide.mcu.externaltools.gnu-tools-for-stm32.14.3.rel1.win32_1.0.100.202602081740/tools/bin/../lib/gcc/arm-none-eabi/14.3.1/thumb/v7e-m+fp/hard/crtend.o
LOAD D:/ST/STM32CubeIDE_2.2.0/STM32CubeIDE/plugins/com.st.stm32cube.ide.mcu.externaltools.gnu-tools-for-stm32.14.3.rel1.win32_1.0.100.202602081740/tools/bin/../lib/gcc/arm-none-eabi/14.3.1/thumb/v7e-m+fp/hard/crtn.o
                0x20020000                        _estack = (ORIGIN (RAM) + LENGTH (RAM))
                0x00000200                        _Min_Heap_Size = 0x200
                0x00000400                        _Min_Stack_Size = 0x400

.isr_vector     0x08000000      0x198
                0x08000000                        . = ALIGN (0x4)
 *(.isr_vector)
 .isr_vector    0x08000000      0x198 ./Core/Startup/startup_stm32f411ceux.o
                0x08000000                g_pfnVectors
                0x08000198                        . = ALIGN (0x4)

.text           0x08000198     0x7548
                0x08000198                        . = ALIGN (0x4)
 *(.text)
 .text          0x08000198       0x40 D:/ST/STM32CubeIDE_2.2.0/STM32CubeIDE/plugins/com.st.stm32cube.ide.mcu.externaltools.gnu-tools-for-stm32.14.3.rel1.win32_1.0.100.202602081740/tools/bin/../lib/gcc/arm-none-eabi/14.3.1/thumb/v7e-m+fp/hard/crtbegin.o
 .text          0x080001d8       0x30 D:/ST/STM32CubeIDE_2.2.0/STM32CubeIDE/plugins/com.st.stm32cube.ide.mcu.externaltools.gnu-tools-for-stm32.14.3.rel1.win32_1.0.100.202602081740/tools/bin/../lib/gcc/arm-none-eabi/14.3.1/thumb/v7e-m+fp/hard\libgcc.a(_aeabi_uldivmod.o)
                0x080001d8                __aeabi_uldivmod
 .text          0x08000208      0x2f8 D:/ST/STM32CubeIDE_2.2.0/STM32CubeIDE/plugins/com.st.stm32cube.ide.mcu.externaltools.gnu-tools-for-stm32.14.3.rel1.win32_1.0.100.202602081740/tools/bin/../lib/gcc/arm-none-eabi/14.3.1/thumb/v7e-m+fp/hard\libgcc.a(_udivmoddi4.o)
                0x08000208                __udivmoddi4
 .text          0x08000500        0x4 D:/ST/STM32CubeIDE_2.2.0/STM32CubeIDE/plugins/com.st.stm32cube.ide.mcu.externaltools.gnu-tools-for-stm32.14.3.rel1.win32_1.0.100.202602081740/tools/bin/../lib/gcc/arm-none-eabi/14.3.1/thumb/v7e-m+fp/hard\libgcc.a(_dvmd_tls.o)
                0x08000500                __aeabi_idiv0
                0x08000500                __aeabi_ldiv0
 *(.text*)
 .text.HAL_ADC_ConvCpltCallback
                0x08000504       0x4c ./Core/Src/main.o
                0x08000504                HAL_ADC_ConvCpltCallback
 .text.main     0x08000550      0x10c ./Core/Src/main.o
                0x08000550                main
 .text.SystemClock_Config
                0x0800065c       0xd0 ./Core/Src/main.o
                0x0800065c                SystemClock_Config
 .text.MX_ADC1_Init
                0x0800072c       0xc4 ./Core/Src/main.o
 .text.MX_DMA_Init
                0x080007f0       0x40 ./Core/Src/main.o
 .text.MX_GPIO_Init
                0x08000830       0x50 ./Core/Src/main.o
 .text.Error_Handler
                0x08000880        0xc ./Core/Src/main.o
                0x08000880                Error_Handler
 .text.HAL_MspInit
                0x0800088c       0x50 ./Core/Src/stm32f4xx_hal_msp.o
                0x0800088c                HAL_MspInit
 .text.HAL_ADC_MspInit
                0x080008dc       0xec ./Core/Src/stm32f4xx_hal_msp.o
                0x080008dc                HAL_ADC_MspInit
 .text.NMI_Handler
                0x080009c8        0x8 ./Core/Src/stm32f4xx_it.o
                0x080009c8                NMI_Handler
 .text.HardFault_Handler
                0x080009d0        0x8 ./Core/Src/stm32f4xx_it.o
                0x080009d0                HardFault_Handler
 .text.MemManage_Handler
                0x080009d8        0x8 ./Core/Src/stm32f4xx_it.o
                0x080009d8                MemManage_Handler
 .text.BusFault_Handler
                0x080009e0        0x8 ./Core/Src/stm32f4xx_it.o
                0x080009e0                BusFault_Handler
 .text.UsageFault_Handler
                0x080009e8        0x8 ./Core/Src/stm32f4xx_it.o
                0x080009e8                UsageFault_Handler
 .text.SVC_Handler
                0x080009f0        0xe ./Core/Src/stm32f4xx_it.o
                0x080009f0                SVC_Handler
 .text.DebugMon_Handler
                0x080009fe        0xe ./Core/Src/stm32f4xx_it.o
                0x080009fe                DebugMon_Handler
 .text.PendSV_Handler
                0x08000a0c        0xe ./Core/Src/stm32f4xx_it.o
                0x08000a0c                PendSV_Handler
 .text.SysTick_Handler
                0x08000a1a        0xc ./Core/Src/stm32f4xx_it.o
                0x08000a1a                SysTick_Handler
 *fill*         0x08000a26        0x2 
 .text.DMA2_Stream0_IRQHandler
                0x08000a28       0x14 ./Core/Src/stm32f4xx_it.o
                0x08000a28                DMA2_Stream0_IRQHandler
 .text.OTG_FS_IRQHandler
                0x08000a3c       0x14 ./Core/Src/stm32f4xx_it.o
                0x08000a3c                OTG_FS_IRQHandler
 .text.SystemInit
                0x08000a50       0x24 ./Core/Src/system_stm32f4xx.o
                0x08000a50                SystemInit
 .text.USBD_HID_Init
                0x08000a74       0xcc ./Core/Src/usbd_hid.o
 .text.USBD_HID_DeInit
                0x08000b40       0x90 ./Core/Src/usbd_hid.o
 .text.USBD_HID_Setup
                0x08000bd0      0x210 ./Core/Src/usbd_hid.o
 .text.USBD_HID_SendReport
                0x08000de0       0x60 ./Core/Src/usbd_hid.o
                0x08000de0                USBD_HID_SendReport
 .text.USBD_HID_GetFSCfgDesc
                0x08000e40       0x34 ./Core/Src/usbd_hid.o
 .text.USBD_HID_GetHSCfgDesc
                0x08000e74       0x34 ./Core/Src/usbd_hid.o
 .text.USBD_HID_GetOtherSpeedCfgDesc
                0x08000ea8       0x34 ./Core/Src/usbd_hid.o
 .text.USBD_HID_DataIn
                0x08000edc       0x2c ./Core/Src/usbd_hid.o
 .text.USBD_HID_GetDeviceQualifierDesc
                0x08000f08       0x20 ./Core/Src/usbd_hid.o
 .text.Reset_Handler
                0x08000f28       0x50 ./Core/Startup/startup_stm32f411ceux.o
                0x08000f28                Reset_Handler
 .text.Default_Handler
                0x08000f78        0x2 ./Core/Startup/startup_stm32f411ceux.o
                0x08000f78                RTC_Alarm_IRQHandler
                0x08000f78                EXTI2_IRQHandler
                0x08000f78                SPI4_IRQHandler
                0x08000f78                TIM1_CC_IRQHandler
                0x08000f78                DMA2_Stream5_IRQHandler
                0x08000f78                DMA1_Stream5_IRQHandler
                0x08000f78                PVD_IRQHandler
                0x08000f78                SDIO_IRQHandler
                0x08000f78                TAMP_STAMP_IRQHandler
                0x08000f78                EXTI3_IRQHandler
                0x08000f78                TIM1_UP_TIM10_IRQHandler
                0x08000f78                I2C3_ER_IRQHandler
                0x08000f78                EXTI0_IRQHandler
                0x08000f78                I2C2_EV_IRQHandler
                0x08000f78                DMA1_Stream2_IRQHandler
                0x08000f78                FPU_IRQHandler
                0x08000f78                DMA2_Stream2_IRQHandler
                0x08000f78                SPI1_IRQHandler
                0x08000f78                TIM1_BRK_TIM9_IRQHandler
                0x08000f78                DMA2_Stream3_IRQHandler
                0x08000f78                USART6_IRQHandler
                0x08000f78                TIM4_IRQHandler
                0x08000f78                I2C1_EV_IRQHandler
                0x08000f78                DMA1_Stream6_IRQHandler
                0x08000f78                DMA1_Stream1_IRQHandler
                0x08000f78                TIM3_IRQHandler
                0x08000f78                RCC_IRQHandler
                0x08000f78                Default_Handler
                0x08000f78                EXTI15_10_IRQHandler
                0x08000f78                ADC_IRQHandler
                0x08000f78                DMA1_Stream7_IRQHandler
                0x08000f78                SPI5_IRQHandler
                0x08000f78                TIM5_IRQHandler
                0x08000f78                DMA2_Stream7_IRQHandler
                0x08000f78                I2C3_EV_IRQHandler
                0x08000f78                EXTI9_5_IRQHandler
                0x08000f78                RTC_WKUP_IRQHandler
                0x08000f78                SPI2_IRQHandler
                0x08000f78                DMA1_Stream0_IRQHandler
                0x08000f78                EXTI4_IRQHandler
                0x08000f78                WWDG_IRQHandler
                0x08000f78                TIM2_IRQHandler
                0x08000f78                OTG_FS_WKUP_IRQHandler
                0x08000f78                TIM1_TRG_COM_TIM11_IRQHandler
                0x08000f78                EXTI1_IRQHandler
                0x08000f78                USART2_IRQHandler
                0x08000f78                I2C2_ER_IRQHandler
                0x08000f78                DMA2_Stream1_IRQHandler
                0x08000f78                FLASH_IRQHandler
                0x08000f78                DMA2_Stream4_IRQHandler
                0x08000f78                USART1_IRQHandler
                0x08000f78                SPI3_IRQHandler
                0x08000f78                DMA1_Stream4_IRQHandler
                0x08000f78                I2C1_ER_IRQHandler
                0x08000f78                DMA2_Stream6_IRQHandler
                0x08000f78                DMA1_Stream3_IRQHandler
 *fill*         0x08000f7a        0x2 
 .text.HAL_Init
                0x08000f7c       0x44 ./Drivers/STM32F4xx_HAL_Driver/Src/stm32f4xx_hal.o
                0x08000f7c                HAL_Init
 .text.HAL_InitTick
                0x08000fc0       0x60 ./Drivers/STM32F4xx_HAL_Driver/Src/stm32f4xx_hal.o
                0x08000fc0                HAL_InitTick
 .text.HAL_IncTick
                0x08001020       0x28 ./Drivers/STM32F4xx_HAL_Driver/Src/stm32f4xx_hal.o
                0x08001020                HAL_IncTick
 .text.HAL_GetTick
                0x08001048       0x18 ./Drivers/STM32F4xx_HAL_Driver/Src/stm32f4xx_hal.o
                0x08001048                HAL_GetTick
 .text.HAL_Delay
                0x08001060       0x48 ./Drivers/STM32F4xx_HAL_Driver/Src/stm32f4xx_hal.o
                0x08001060                HAL_Delay
 .text.HAL_ADC_Init
                0x080010a8       0x86 ./Drivers/STM32F4xx_HAL_Driver/Src/stm32f4xx_hal_adc.o
                0x080010a8                HAL_ADC_Init
 *fill*         0x0800112e        0x2 
 .text.HAL_ADC_Start_DMA
                0x08001130      0x1e8 ./Drivers/STM32F4xx_HAL_Driver/Src/stm32f4xx_hal_adc.o
                0x08001130                HAL_ADC_Start_DMA
 .text.HAL_ADC_ConvHalfCpltCallback
                0x08001318       0x14 ./Drivers/STM32F4xx_HAL_Driver/Src/stm32f4xx_hal_adc.o
                0x08001318                HAL_ADC_ConvHalfCpltCallback
 .text.HAL_ADC_ErrorCallback
                0x0800132c       0x14 ./Drivers/STM32F4xx_HAL_Driver/Src/stm32f4xx_hal_adc.o
                0x0800132c                HAL_ADC_ErrorCallback
 .text.HAL_ADC_ConfigChannel
                0x08001340      0x264 ./Drivers/STM32F4xx_HAL_Driver/Src/stm32f4xx_hal_adc.o
                0x08001340                HAL_ADC_ConfigChannel
 .text.ADC_Init
                0x080015a4      0x1f8 ./Drivers/STM32F4xx_HAL_Driver/Src/stm32f4xx_hal_adc.o
 .text.ADC_DMAConvCplt
                0x0800179c       0xba ./Drivers/STM32F4xx_HAL_Driver/Src/stm32f4xx_hal_adc.o
 .text.ADC_DMAHalfConvCplt
                0x08001856       0x1c ./Drivers/STM32F4xx_HAL_Driver/Src/stm32f4xx_hal_adc.o
 .text.ADC_DMAError
                0x08001872       0x2e ./Drivers/STM32F4xx_HAL_Driver/Src/stm32f4xx_hal_adc.o
 .text.__NVIC_SetPriorityGrouping
                0x080018a0       0x48 ./Drivers/STM32F4xx_HAL_Driver/Src/stm32f4xx_hal_cortex.o
 .text.__NVIC_GetPriorityGrouping
                0x080018e8       0x1c ./Drivers/STM32F4xx_HAL_Driver/Src/stm32f4xx_hal_cortex.o
 .text.__NVIC_EnableIRQ
                0x08001904       0x3c ./Drivers/STM32F4xx_HAL_Driver/Src/stm32f4xx_hal_cortex.o
 .text.__NVIC_SetPriority
                0x08001940       0x54 ./Drivers/STM32F4xx_HAL_Driver/Src/stm32f4xx_hal_cortex.o
 .text.NVIC_EncodePriority
                0x08001994       0x66 ./Drivers/STM32F4xx_HAL_Driver/Src/stm32f4xx_hal_cortex.o
 *fill*         0x080019fa        0x2 
 .text.SysTick_Config
                0x080019fc       0x44 ./Drivers/STM32F4xx_HAL_Driver/Src/stm32f4xx_hal_cortex.o
 .text.HAL_NVIC_SetPriorityGrouping
                0x08001a40       0x16 ./Drivers/STM32F4xx_HAL_Driver/Src/stm32f4xx_hal_cortex.o
                0x08001a40                HAL_NVIC_SetPriorityGrouping
 .text.HAL_NVIC_SetPriority
                0x08001a56       0x38 ./Drivers/STM32F4xx_HAL_Driver/Src/stm32f4xx_hal_cortex.o
                0x08001a56                HAL_NVIC_SetPriority
 .text.HAL_NVIC_EnableIRQ
                0x08001a8e       0x1c ./Drivers/STM32F4xx_HAL_Driver/Src/stm32f4xx_hal_cortex.o
                0x08001a8e                HAL_NVIC_EnableIRQ
 .text.HAL_SYSTICK_Config
                0x08001aaa       0x18 ./Drivers/STM32F4xx_HAL_Driver/Src/stm32f4xx_hal_cortex.o
                0x08001aaa                HAL_SYSTICK_Config
 *fill*         0x08001ac2        0x2 
 .text.HAL_DMA_Init
                0x08001ac4      0x15c ./Drivers/STM32F4xx_HAL_Driver/Src/stm32f4xx_hal_dma.o
                0x08001ac4                HAL_DMA_Init
 .text.HAL_DMA_Start_IT
                0x08001c20       0xb0 ./Drivers/STM32F4xx_HAL_Driver/Src/stm32f4xx_hal_dma.o
                0x08001c20                HAL_DMA_Start_IT
 .text.HAL_DMA_IRQHandler
                0x08001cd0      0x314 ./Drivers/STM32F4xx_HAL_Driver/Src/stm32f4xx_hal_dma.o
                0x08001cd0                HAL_DMA_IRQHandler
 .text.DMA_SetConfig
                0x08001fe4       0x5c ./Drivers/STM32F4xx_HAL_Driver/Src/stm32f4xx_hal_dma.o
 .text.DMA_CalcBaseAndBitshift
                0x08002040       0x6c ./Drivers/STM32F4xx_HAL_Driver/Src/stm32f4xx_hal_dma.o
 .text.DMA_CheckFifoParam
                0x080020ac       0xf8 ./Drivers/STM32F4xx_HAL_Driver/Src/stm32f4xx_hal_dma.o
 .text.HAL_GPIO_Init
                0x080021a4      0x308 ./Drivers/STM32F4xx_HAL_Driver/Src/stm32f4xx_hal_gpio.o
                0x080021a4                HAL_GPIO_Init
 .text.HAL_PCD_Init
                0x080024ac      0x21e ./Drivers/STM32F4xx_HAL_Driver/Src/stm32f4xx_hal_pcd.o
                0x080024ac                HAL_PCD_Init
 .text.HAL_PCD_Start
                0x080026ca       0x6a ./Drivers/STM32F4xx_HAL_Driver/Src/stm32f4xx_hal_pcd.o
                0x080026ca                HAL_PCD_Start
 .text.HAL_PCD_IRQHandler
                0x08002734      0x942 ./Drivers/STM32F4xx_HAL_Driver/Src/stm32f4xx_hal_pcd.o
                0x08002734                HAL_PCD_IRQHandler
 .text.HAL_PCD_SetAddress
                0x08003076       0x48 ./Drivers/STM32F4xx_HAL_Driver/Src/stm32f4xx_hal_pcd.o
                0x08003076                HAL_PCD_SetAddress
 .text.HAL_PCD_EP_Open
                0x080030be       0xd4 ./Drivers/STM32F4xx_HAL_Driver/Src/stm32f4xx_hal_pcd.o
                0x080030be                HAL_PCD_EP_Open
 .text.HAL_PCD_EP_Close
                0x08003192       0x94 ./Drivers/STM32F4xx_HAL_Driver/Src/stm32f4xx_hal_pcd.o
                0x08003192                HAL_PCD_EP_Close
 .text.HAL_PCD_EP_Receive
                0x08003226       0x76 ./Drivers/STM32F4xx_HAL_Driver/Src/stm32f4xx_hal_pcd.o
                0x08003226                HAL_PCD_EP_Receive
 .text.HAL_PCD_EP_Transmit
                0x0800329c       0x74 ./Drivers/STM32F4xx_HAL_Driver/Src/stm32f4xx_hal_pcd.o
                0x0800329c                HAL_PCD_EP_Transmit
 .text.HAL_PCD_EP_SetStall
                0x08003310       0xc6 ./Drivers/STM32F4xx_HAL_Driver/Src/stm32f4xx_hal_pcd.o
                0x08003310                HAL_PCD_EP_SetStall
 .text.HAL_PCD_EP_ClrStall
                0x080033d6       0xac ./Drivers/STM32F4xx_HAL_Driver/Src/stm32f4xx_hal_pcd.o
                0x080033d6                HAL_PCD_EP_ClrStall
 .text.HAL_PCD_EP_Abort
                0x08003482       0x62 ./Drivers/STM32F4xx_HAL_Driver/Src/stm32f4xx_hal_pcd.o
                0x08003482                HAL_PCD_EP_Abort
 .text.PCD_WriteEmptyTxFifo
                0x080034e4      0x118 ./Drivers/STM32F4xx_HAL_Driver/Src/stm32f4xx_hal_pcd.o
 .text.PCD_EP_OutXfrComplete_int
                0x080035fc      0x1d0 ./Drivers/STM32F4xx_HAL_Driver/Src/stm32f4xx_hal_pcd.o
 .text.PCD_EP_OutSetupPacket_int
                0x080037cc       0x8c ./Drivers/STM32F4xx_HAL_Driver/Src/stm32f4xx_hal_pcd.o
 .text.HAL_PCDEx_SetTxFiFo
                0x08003858       0x8e ./Drivers/STM32F4xx_HAL_Driver/Src/stm32f4xx_hal_pcd_ex.o
                0x08003858                HAL_PCDEx_SetTxFiFo
 .text.HAL_PCDEx_SetRxFiFo
                0x080038e6       0x22 ./Drivers/STM32F4xx_HAL_Driver/Src/stm32f4xx_hal_pcd_ex.o
                0x080038e6                HAL_PCDEx_SetRxFiFo
 .text.HAL_PCDEx_LPM_Callback
                0x08003908       0x18 ./Drivers/STM32F4xx_HAL_Driver/Src/stm32f4xx_hal_pcd_ex.o
                0x08003908                HAL_PCDEx_LPM_Callback
 .text.HAL_RCC_OscConfig
                0x08003920      0x4f0 ./Drivers/STM32F4xx_HAL_Driver/Src/stm32f4xx_hal_rcc.o
                0x08003920                HAL_RCC_OscConfig
 .text.HAL_RCC_ClockConfig
                0x08003e10      0x1cc ./Drivers/STM32F4xx_HAL_Driver/Src/stm32f4xx_hal_rcc.o
                0x08003e10                HAL_RCC_ClockConfig
 .text.HAL_RCC_GetSysClockFreq
                0x08003fdc      0x188 ./Drivers/STM32F4xx_HAL_Driver/Src/stm32f4xx_hal_rcc.o
                0x08003fdc                HAL_RCC_GetSysClockFreq
 .text.HAL_RCC_GetHCLKFreq
                0x08004164       0x18 ./Drivers/STM32F4xx_HAL_Driver/Src/stm32f4xx_hal_rcc.o
                0x08004164                HAL_RCC_GetHCLKFreq
 .text.USB_CoreInit
                0x0800417c       0xc8 ./Drivers/STM32F4xx_HAL_Driver/Src/stm32f4xx_ll_usb.o
                0x0800417c                USB_CoreInit
 .text.USB_SetTurnaroundTime
                0x08004244      0x144 ./Drivers/STM32F4xx_HAL_Driver/Src/stm32f4xx_ll_usb.o
                0x08004244                USB_SetTurnaroundTime
 .text.USB_EnableGlobalInt
                0x08004388       0x22 ./Drivers/STM32F4xx_HAL_Driver/Src/stm32f4xx_ll_usb.o
                0x08004388                USB_EnableGlobalInt
 .text.USB_DisableGlobalInt
                0x080043aa       0x22 ./Drivers/STM32F4xx_HAL_Driver/Src/stm32f4xx_ll_usb.o
                0x080043aa                USB_DisableGlobalInt
 .text.USB_SetCurrentMode
                0x080043cc       0x98 ./Drivers/STM32F4xx_HAL_Driver/Src/stm32f4xx_ll_usb.o
                0x080043cc                USB_SetCurrentMode
 .text.USB_DevInit
                0x08004464      0x2c8 ./Drivers/STM32F4xx_HAL_Driver/Src/stm32f4xx_ll_usb.o
                0x08004464                USB_DevInit
 .text.USB_FlushTxFifo
                0x0800472c       0x64 ./Drivers/STM32F4xx_HAL_Driver/Src/stm32f4xx_ll_usb.o
                0x0800472c                USB_FlushTxFifo
 .text.USB_FlushRxFifo
                0x08004790       0x5c ./Drivers/STM32F4xx_HAL_Driver/Src/stm32f4xx_ll_usb.o
                0x08004790                USB_FlushRxFifo
 .text.USB_SetDevSpeed
                0x080047ec       0x32 ./Drivers/STM32F4xx_HAL_Driver/Src/stm32f4xx_ll_usb.o
                0x080047ec                USB_SetDevSpeed
 .text.USB_GetDevSpeed
                0x0800481e       0x4a ./Drivers/STM32F4xx_HAL_Driver/Src/stm32f4xx_ll_usb.o
                0x0800481e                USB_GetDevSpeed
 .text.USB_ActivateEndpoint
                0x08004868      0x10e ./Drivers/STM32F4xx_HAL_Driver/Src/stm32f4xx_ll_usb.o
                0x08004868                USB_ActivateEndpoint
 *fill*         0x08004976        0x2 
 .text.USB_DeactivateEndpoint
                0x08004978      0x1b8 ./Drivers/STM32F4xx_HAL_Driver/Src/stm32f4xx_ll_usb.o
                0x08004978                USB_DeactivateEndpoint
 .text.USB_EPStartXfer
                0x08004b30      0x53c ./Drivers/STM32F4xx_HAL_Driver/Src/stm32f4xx_ll_usb.o
                0x08004b30                USB_EPStartXfer
 .text.USB_EPStopXfer
                0x0800506c      0x154 ./Drivers/STM32F4xx_HAL_Driver/Src/stm32f4xx_ll_usb.o
                0x0800506c                USB_EPStopXfer
 .text.USB_WritePacket
                0x080051c0       0x7c ./Drivers/STM32F4xx_HAL_Driver/Src/stm32f4xx_ll_usb.o
                0x080051c0                USB_WritePacket
 .text.USB_ReadPacket
                0x0800523c       0xb0 ./Drivers/STM32F4xx_HAL_Driver/Src/stm32f4xx_ll_usb.o
                0x0800523c                USB_ReadPacket
 .text.USB_EPSetStall
                0x080052ec       0xdc ./Drivers/STM32F4xx_HAL_Driver/Src/stm32f4xx_ll_usb.o
                0x080052ec                USB_EPSetStall
 .text.USB_EPClearStall
                0x080053c8       0xcc ./Drivers/STM32F4xx_HAL_Driver/Src/stm32f4xx_ll_usb.o
                0x080053c8                USB_EPClearStall
 .text.USB_SetDevAddress
                0x08005494       0x4c ./Drivers/STM32F4xx_HAL_Driver/Src/stm32f4xx_ll_usb.o
                0x08005494                USB_SetDevAddress
 .text.USB_DevConnect
                0x080054e0       0x42 ./Drivers/STM32F4xx_HAL_Driver/Src/stm32f4xx_ll_usb.o
                0x080054e0                USB_DevConnect
 .text.USB_DevDisconnect
                0x08005522       0x42 ./Drivers/STM32F4xx_HAL_Driver/Src/stm32f4xx_ll_usb.o
                0x08005522                USB_DevDisconnect
 .text.USB_ReadInterrupts
                0x08005564       0x26 ./Drivers/STM32F4xx_HAL_Driver/Src/stm32f4xx_ll_usb.o
                0x08005564                USB_ReadInterrupts
 .text.USB_ReadDevAllOutEpInterrupt
                0x0800558a       0x34 ./Drivers/STM32F4xx_HAL_Driver/Src/stm32f4xx_ll_usb.o
                0x0800558a                USB_ReadDevAllOutEpInterrupt
 .text.USB_ReadDevAllInEpInterrupt
                0x080055be       0x34 ./Drivers/STM32F4xx_HAL_Driver/Src/stm32f4xx_ll_usb.o
                0x080055be                USB_ReadDevAllInEpInterrupt
 .text.USB_ReadDevOutEPInterrupt
                0x080055f2       0x3c ./Drivers/STM32F4xx_HAL_Driver/Src/stm32f4xx_ll_usb.o
                0x080055f2                USB_ReadDevOutEPInterrupt
 .text.USB_ReadDevInEPInterrupt
                0x0800562e       0x5c ./Drivers/STM32F4xx_HAL_Driver/Src/stm32f4xx_ll_usb.o
                0x0800562e                USB_ReadDevInEPInterrupt
 .text.USB_GetMode
                0x0800568a       0x1c ./Drivers/STM32F4xx_HAL_Driver/Src/stm32f4xx_ll_usb.o
                0x0800568a                USB_GetMode
 .text.USB_ActivateSetup
                0x080056a6       0x46 ./Drivers/STM32F4xx_HAL_Driver/Src/stm32f4xx_ll_usb.o
                0x080056a6                USB_ActivateSetup
 .text.USB_EP0_OutStart
                0x080056ec       0xbc ./Drivers/STM32F4xx_HAL_Driver/Src/stm32f4xx_ll_usb.o
                0x080056ec                USB_EP0_OutStart
 .text.USB_CoreReset
                0x080057a8       0x70 ./Drivers/STM32F4xx_HAL_Driver/Src/stm32f4xx_ll_usb.o
 .text.USBD_Init
                0x08005818       0x60 ./Middlewares/ST/STM32_USB_Device_Library/Core/Src/usbd_core.o
                0x08005818                USBD_Init
 .text.USBD_RegisterClass
                0x08005878       0x6c ./Middlewares/ST/STM32_USB_Device_Library/Core/Src/usbd_core.o
                0x08005878                USBD_RegisterClass
 .text.USBD_Start
                0x080058e4       0x18 ./Middlewares/ST/STM32_USB_Device_Library/Core/Src/usbd_core.o
                0x080058e4                USBD_Start
 .text.USBD_RunTestMode
                0x080058fc       0x16 ./Middlewares/ST/STM32_USB_Device_Library/Core/Src/usbd_core.o
                0x080058fc                USBD_RunTestMode
 .text.USBD_SetClassConfig
                0x08005912       0x38 ./Middlewares/ST/STM32_USB_Device_Library/Core/Src/usbd_core.o
                0x08005912                USBD_SetClassConfig
 .text.USBD_ClrClassConfig
                0x0800594a       0x34 ./Middlewares/ST/STM32_USB_Device_Library/Core/Src/usbd_core.o
                0x0800594a                USBD_ClrClassConfig
 .text.USBD_LL_SetupStage
                0x0800597e       0xaa ./Middlewares/ST/STM32_USB_Device_Library/Core/Src/usbd_core.o
                0x0800597e                USBD_LL_SetupStage
 .text.USBD_LL_DataOutStage
                0x08005a28      0x178 ./Middlewares/ST/STM32_USB_Device_Library/Core/Src/usbd_core.o
                0x08005a28                USBD_LL_DataOutStage
 .text.USBD_LL_DataInStage
                0x08005ba0      0x176 ./Middlewares/ST/STM32_USB_Device_Library/Core/Src/usbd_core.o
                0x08005ba0                USBD_LL_DataInStage
 .text.USBD_LL_Reset
                0x08005d16       0xa6 ./Middlewares/ST/STM32_USB_Device_Library/Core/Src/usbd_core.o
                0x08005d16                USBD_LL_Reset
 .text.USBD_LL_SetSpeed
                0x08005dbc       0x20 ./Middlewares/ST/STM32_USB_Device_Library/Core/Src/usbd_core.o
                0x08005dbc                USBD_LL_SetSpeed
 .text.USBD_LL_Suspend
                0x08005ddc       0x38 ./Middlewares/ST/STM32_USB_Device_Library/Core/Src/usbd_core.o
                0x08005ddc                USBD_LL_Suspend
 .text.USBD_LL_Resume
                0x08005e14       0x30 ./Middlewares/ST/STM32_USB_Device_Library/Core/Src/usbd_core.o
                0x08005e14                USBD_LL_Resume
 .text.USBD_LL_SOF
                0x08005e44       0x40 ./Middlewares/ST/STM32_USB_Device_Library/Core/Src/usbd_core.o
                0x08005e44                USBD_LL_SOF
 .text.USBD_LL_IsoINIncomplete
                0x08005e84       0x64 ./Middlewares/ST/STM32_USB_Device_Library/Core/Src/usbd_core.o
                0x08005e84                USBD_LL_IsoINIncomplete
 .text.USBD_LL_IsoOUTIncomplete
                0x08005ee8       0x64 ./Middlewares/ST/STM32_USB_Device_Library/Core/Src/usbd_core.o
                0x08005ee8                USBD_LL_IsoOUTIncomplete
 .text.USBD_LL_DevConnected
                0x08005f4c       0x16 ./Middlewares/ST/STM32_USB_Device_Library/Core/Src/usbd_core.o
                0x08005f4c                USBD_LL_DevConnected
 .text.USBD_LL_DevDisconnected
                0x08005f62       0x46 ./Middlewares/ST/STM32_USB_Device_Library/Core/Src/usbd_core.o
                0x08005f62                USBD_LL_DevDisconnected
 .text.USBD_CoreFindIF
                0x08005fa8       0x1a ./Middlewares/ST/STM32_USB_Device_Library/Core/Src/usbd_core.o
                0x08005fa8                USBD_CoreFindIF
 .text.USBD_CoreFindEP
                0x08005fc2       0x1a ./Middlewares/ST/STM32_USB_Device_Library/Core/Src/usbd_core.o
                0x08005fc2                USBD_CoreFindEP
 .text.USBD_GetEpDesc
                0x08005fdc       0x70 ./Middlewares/ST/STM32_USB_Device_Library/Core/Src/usbd_core.o
                0x08005fdc                USBD_GetEpDesc
 .text.USBD_GetNextDesc
                0x0800604c       0x38 ./Middlewares/ST/STM32_USB_Device_Library/Core/Src/usbd_core.o
                0x0800604c                USBD_GetNextDesc
 .text.SWAPBYTE
                0x08006084       0x3e ./Middlewares/ST/STM32_USB_Device_Library/Core/Src/usbd_ctlreq.o
 *fill*         0x080060c2        0x2 
 .text.USBD_StdDevReq
                0x080060c4       0xe4 ./Middlewares/ST/STM32_USB_Device_Library/Core/Src/usbd_ctlreq.o
                0x080060c4                USBD_StdDevReq
 .text.USBD_StdItfReq
                0x080061a8       0xd8 ./Middlewares/ST/STM32_USB_Device_Library/Core/Src/usbd_ctlreq.o
                0x080061a8                USBD_StdItfReq
 .text.USBD_StdEPReq
                0x08006280      0x33e ./Middlewares/ST/STM32_USB_Device_Library/Core/Src/usbd_ctlreq.o
                0x08006280                USBD_StdEPReq
 *fill*         0x080065be        0x2 
 .text.USBD_GetDescriptor
                0x080065c0      0x2d4 ./Middlewares/ST/STM32_USB_Device_Library/Core/Src/usbd_ctlreq.o
 .text.USBD_SetAddress
                0x08006894       0x88 ./Middlewares/ST/STM32_USB_Device_Library/Core/Src/usbd_ctlreq.o
 .text.USBD_SetConfig
                0x0800691c      0x154 ./Middlewares/ST/STM32_USB_Device_Library/Core/Src/usbd_ctlreq.o
 .text.USBD_GetConfig
                0x08006a70       0x6c ./Middlewares/ST/STM32_USB_Device_Library/Core/Src/usbd_ctlreq.o
 .text.USBD_GetStatus
                0x08006adc       0x68 ./Middlewares/ST/STM32_USB_Device_Library/Core/Src/usbd_ctlreq.o
 .text.USBD_SetFeature
                0x08006b44       0x52 ./Middlewares/ST/STM32_USB_Device_Library/Core/Src/usbd_ctlreq.o
 .text.USBD_ClrFeature
                0x08006b96       0x44 ./Middlewares/ST/STM32_USB_Device_Library/Core/Src/usbd_ctlreq.o
 .text.USBD_ParseSetupRequest
                0x08006bda       0x74 ./Middlewares/ST/STM32_USB_Device_Library/Core/Src/usbd_ctlreq.o
                0x08006bda                USBD_ParseSetupRequest
 .text.USBD_CtlError
                0x08006c4e       0x22 ./Middlewares/ST/STM32_USB_Device_Library/Core/Src/usbd_ctlreq.o
                0x08006c4e                USBD_CtlError
 .text.USBD_GetString
                0x08006c70       0xa4 ./Middlewares/ST/STM32_USB_Device_Library/Core/Src/usbd_ctlreq.o
                0x08006c70                USBD_GetString
 .text.USBD_GetLen
                0x08006d14       0x34 ./Middlewares/ST/STM32_USB_Device_Library/Core/Src/usbd_ctlreq.o
 .text.USBD_CtlSendData
                0x08006d48       0x3c ./Middlewares/ST/STM32_USB_Device_Library/Core/Src/usbd_ioreq.o
                0x08006d48                USBD_CtlSendData
 .text.USBD_CtlContinueSendData
                0x08006d84       0x22 ./Middlewares/ST/STM32_USB_Device_Library/Core/Src/usbd_ioreq.o
                0x08006d84                USBD_CtlContinueSendData
 .text.USBD_CtlContinueRx
                0x08006da6       0x22 ./Middlewares/ST/STM32_USB_Device_Library/Core/Src/usbd_ioreq.o
                0x08006da6                USBD_CtlContinueRx
 .text.USBD_CtlSendStatus
                0x08006dc8       0x26 ./Middlewares/ST/STM32_USB_Device_Library/Core/Src/usbd_ioreq.o
                0x08006dc8                USBD_CtlSendStatus
 .text.USBD_CtlReceiveStatus
                0x08006dee       0x26 ./Middlewares/ST/STM32_USB_Device_Library/Core/Src/usbd_ioreq.o
                0x08006dee                USBD_CtlReceiveStatus
 .text.MX_USB_DEVICE_Init
                0x08006e14       0x4c ./USB_DEVICE/App/usb_device.o
                0x08006e14                MX_USB_DEVICE_Init
 .text.USBD_FS_DeviceDescriptor
                0x08006e60       0x24 ./USB_DEVICE/App/usbd_desc.o
                0x08006e60                USBD_FS_DeviceDescriptor
 .text.USBD_FS_LangIDStrDescriptor
                0x08006e84       0x24 ./USB_DEVICE/App/usbd_desc.o
                0x08006e84                USBD_FS_LangIDStrDescriptor
 .text.USBD_FS_ProductStrDescriptor
                0x08006ea8       0x3c ./USB_DEVICE/App/usbd_desc.o
                0x08006ea8                USBD_FS_ProductStrDescriptor
 .text.USBD_FS_ManufacturerStrDescriptor
                0x08006ee4       0x28 ./USB_DEVICE/App/usbd_desc.o
                0x08006ee4                USBD_FS_ManufacturerStrDescriptor
 .text.USBD_FS_SerialStrDescriptor
                0x08006f0c       0x24 ./USB_DEVICE/App/usbd_desc.o
                0x08006f0c                USBD_FS_SerialStrDescriptor
 .text.USBD_FS_ConfigStrDescriptor
                0x08006f30       0x3c ./USB_DEVICE/App/usbd_desc.o
                0x08006f30                USBD_FS_ConfigStrDescriptor
 .text.USBD_FS_InterfaceStrDescriptor
                0x08006f6c       0x3c ./USB_DEVICE/App/usbd_desc.o
                0x08006f6c                USBD_FS_InterfaceStrDescriptor
 .text.Get_SerialNum
                0x08006fa8       0x58 ./USB_DEVICE/App/usbd_desc.o
 .text.IntToUnicode
                0x08007000       0x7e ./USB_DEVICE/App/usbd_desc.o
 *fill*         0x0800707e        0x2 
 .text.HAL_PCD_MspInit
                0x08007080       0xa8 ./USB_DEVICE/Target/usbd_conf.o
                0x08007080                HAL_PCD_MspInit
 .text.HAL_PCD_SetupStageCallback
                0x08007128       0x24 ./USB_DEVICE/Target/usbd_conf.o
                0x08007128                HAL_PCD_SetupStageCallback
 .text.HAL_PCD_DataOutStageCallback
                0x0800714c       0x36 ./USB_DEVICE/Target/usbd_conf.o
                0x0800714c                HAL_PCD_DataOutStageCallback
 .text.HAL_PCD_DataInStageCallback
                0x08007182       0x34 ./USB_DEVICE/Target/usbd_conf.o
                0x08007182                HAL_PCD_DataInStageCallback
 .text.HAL_PCD_SOFCallback
                0x080071b6       0x1c ./USB_DEVICE/Target/usbd_conf.o
                0x080071b6                HAL_PCD_SOFCallback
 .text.HAL_PCD_ResetCallback
                0x080071d2       0x3c ./USB_DEVICE/Target/usbd_conf.o
                0x080071d2                HAL_PCD_ResetCallback
 *fill*         0x0800720e        0x2 
 .text.HAL_PCD_SuspendCallback
                0x08007210       0x4c ./USB_DEVICE/Target/usbd_conf.o
                0x08007210                HAL_PCD_SuspendCallback
 .text.HAL_PCD_ResumeCallback
                0x0800725c       0x1c ./USB_DEVICE/Target/usbd_conf.o
                0x0800725c                HAL_PCD_ResumeCallback
 .text.HAL_PCD_ISOOUTIncompleteCallback
                0x08007278       0x24 ./USB_DEVICE/Target/usbd_conf.o
                0x08007278                HAL_PCD_ISOOUTIncompleteCallback
 .text.HAL_PCD_ISOINIncompleteCallback
                0x0800729c       0x24 ./USB_DEVICE/Target/usbd_conf.o
                0x0800729c                HAL_PCD_ISOINIncompleteCallback
 .text.HAL_PCD_ConnectCallback
                0x080072c0       0x1c ./USB_DEVICE/Target/usbd_conf.o
                0x080072c0                HAL_PCD_ConnectCallback
 .text.HAL_PCD_DisconnectCallback
                0x080072dc       0x1c ./USB_DEVICE/Target/usbd_conf.o
                0x080072dc                HAL_PCD_DisconnectCallback
 .text.USBD_LL_Init
                0x080072f8       0x98 ./USB_DEVICE/Target/usbd_conf.o
                0x080072f8                USBD_LL_Init
 .text.USBD_LL_Start
                0x08007390       0x36 ./USB_DEVICE/Target/usbd_conf.o
                0x08007390                USBD_LL_Start
 .text.USBD_LL_OpenEP
                0x080073c6       0x4c ./USB_DEVICE/Target/usbd_conf.o
                0x080073c6                USBD_LL_OpenEP
 .text.USBD_LL_CloseEP
                0x08007412       0x3e ./USB_DEVICE/Target/usbd_conf.o
                0x08007412                USBD_LL_CloseEP
 .text.USBD_LL_StallEP
                0x08007450       0x3e ./USB_DEVICE/Target/usbd_conf.o
                0x08007450                USBD_LL_StallEP
 .text.USBD_LL_ClearStallEP
                0x0800748e       0x3e ./USB_DEVICE/Target/usbd_conf.o
                0x0800748e                USBD_LL_ClearStallEP
 .text.USBD_LL_IsStallEP
                0x080074cc       0x58 ./USB_DEVICE/Target/usbd_conf.o
                0x080074cc                USBD_LL_IsStallEP
 .text.USBD_LL_SetUSBAddress
                0x08007524       0x3e ./USB_DEVICE/Target/usbd_conf.o
                0x08007524                USBD_LL_SetUSBAddress
 .text.USBD_LL_Transmit
                0x08007562       0x42 ./USB_DEVICE/Target/usbd_conf.o
                0x08007562                USBD_LL_Transmit
 .text.USBD_LL_PrepareReceive
                0x080075a4       0x42 ./USB_DEVICE/Target/usbd_conf.o
                0x080075a4                USBD_LL_PrepareReceive
 *fill*         0x080075e6        0x2 
 .text.USBD_static_malloc
                0x080075e8       0x1c ./USB_DEVICE/Target/usbd_conf.o
                0x080075e8                USBD_static_malloc
 .text.USBD_static_free
                0x08007604       0x14 ./USB_DEVICE/Target/usbd_conf.o
                0x08007604                USBD_static_free
 .text.USBD_Get_USB_Status
                0x08007618       0x58 ./USB_DEVICE/Target/usbd_conf.o
                0x08007618                USBD_Get_USB_Status
 .text.memset   0x08007670       0x10 D:/ST/STM32CubeIDE_2.2.0/STM32CubeIDE/plugins/com.st.stm32cube.ide.mcu.externaltools.gnu-tools-for-stm32.14.3.rel1.win32_1.0.100.202602081740/tools/bin/../lib/gcc/arm-none-eabi/14.3.1/../../../../arm-none-eabi/lib/thumb/v7e-m+fp/hard\libc_nano.a(libc_a-memset.o)
                0x08007670                memset
 .text.__libc_init_array
                0x08007680       0x48 D:/ST/STM32CubeIDE_2.2.0/STM32CubeIDE/plugins/com.st.stm32cube.ide.mcu.externaltools.gnu-tools-for-stm32.14.3.rel1.win32_1.0.100.202602081740/tools/bin/../lib/gcc/arm-none-eabi/14.3.1/../../../../arm-none-eabi/lib/thumb/v7e-m+fp/hard\libc_nano.a(libc_a-init.o)
                0x08007680                __libc_init_array
 *(.glue_7)
 .glue_7        0x080076c8        0x0 linker stubs
 *(.glue_7t)
 .glue_7t       0x080076c8        0x0 linker stubs
 *(.eh_frame)
 .eh_frame      0x080076c8        0x0 D:/ST/STM32CubeIDE_2.2.0/STM32CubeIDE/plugins/com.st.stm32cube.ide.mcu.externaltools.gnu-tools-for-stm32.14.3.rel1.win32_1.0.100.202602081740/tools/bin/../lib/gcc/arm-none-eabi/14.3.1/thumb/v7e-m+fp/hard/crtbegin.o
 *(.init)
 .init          0x080076c8        0x4 D:/ST/STM32CubeIDE_2.2.0/STM32CubeIDE/plugins/com.st.stm32cube.ide.mcu.externaltools.gnu-tools-for-stm32.14.3.rel1.win32_1.0.100.202602081740/tools/bin/../lib/gcc/arm-none-eabi/14.3.1/thumb/v7e-m+fp/hard/crti.o
                0x080076c8                _init
 .init          0x080076cc        0x8 D:/ST/STM32CubeIDE_2.2.0/STM32CubeIDE/plugins/com.st.stm32cube.ide.mcu.externaltools.gnu-tools-for-stm32.14.3.rel1.win32_1.0.100.202602081740/tools/bin/../lib/gcc/arm-none-eabi/14.3.1/thumb/v7e-m+fp/hard/crtn.o
 *(.fini)
 .fini          0x080076d4        0x4 D:/ST/STM32CubeIDE_2.2.0/STM32CubeIDE/plugins/com.st.stm32cube.ide.mcu.externaltools.gnu-tools-for-stm32.14.3.rel1.win32_1.0.100.202602081740/tools/bin/../lib/gcc/arm-none-eabi/14.3.1/thumb/v7e-m+fp/hard/crti.o
                0x080076d4                _fini
 .fini          0x080076d8        0x8 D:/ST/STM32CubeIDE_2.2.0/STM32CubeIDE/plugins/com.st.stm32cube.ide.mcu.externaltools.gnu-tools-for-stm32.14.3.rel1.win32_1.0.100.202602081740/tools/bin/../lib/gcc/arm-none-eabi/14.3.1/thumb/v7e-m+fp/hard/crtn.o
                0x080076e0                        . = ALIGN (0x4)
                0x080076e0                        _etext = .

.vfp11_veneer   0x080076e0        0x0
 .vfp11_veneer  0x080076e0        0x0 linker stubs

.v4_bx          0x080076e0        0x0
 .v4_bx         0x080076e0        0x0 linker stubs

.iplt           0x080076e0        0x0
 .iplt          0x080076e0        0x0 D:/ST/STM32CubeIDE_2.2.0/STM32CubeIDE/plugins/com.st.stm32cube.ide.mcu.externaltools.gnu-tools-for-stm32.14.3.rel1.win32_1.0.100.202602081740/tools/bin/../lib/gcc/arm-none-eabi/14.3.1/thumb/v7e-m+fp/hard/crtbegin.o

.rodata         0x080076e0       0x60
                0x080076e0                        . = ALIGN (0x4)
 *(.rodata)
 .rodata        0x080076e0       0x46 ./USB_DEVICE/App/usbd_desc.o
 *(.rodata*)
 *fill*         0x08007726        0x2 
 .rodata.AHBPrescTable
                0x08007728       0x10 ./Core/Src/system_stm32f4xx.o
                0x08007728                AHBPrescTable
 .rodata.flagBitshiftOffset.0
                0x08007738        0x8 ./Drivers/STM32F4xx_HAL_Driver/Src/stm32f4xx_hal_dma.o
                0x08007740                        . = ALIGN (0x4)

.ARM.extab      0x08007740        0x0
                0x08007740                        . = ALIGN (0x4)
 *(.ARM.extab* .gnu.linkonce.armextab.*)
                0x08007740                        . = ALIGN (0x4)

.ARM            0x08007740        0x8
                0x08007740                        . = ALIGN (0x4)
                0x08007740                        __exidx_start = .
 *(.ARM.exidx*)
 .ARM.exidx     0x08007740        0x8 D:/ST/STM32CubeIDE_2.2.0/STM32CubeIDE/plugins/com.st.stm32cube.ide.mcu.externaltools.gnu-tools-for-stm32.14.3.rel1.win32_1.0.100.202602081740/tools/bin/../lib/gcc/arm-none-eabi/14.3.1/thumb/v7e-m+fp/hard\libgcc.a(_udivmoddi4.o)
                0x08007748                        __exidx_end = .
                0x08007748                        . = ALIGN (0x4)

.preinit_array  0x08007748        0x0
                0x08007748                        . = ALIGN (0x4)
                0x08007748                        PROVIDE (__preinit_array_start = .)
 *(.preinit_array*)
                0x08007748                        PROVIDE (__preinit_array_end = .)
                0x08007748                        . = ALIGN (0x4)

.init_array     0x08007748        0x4
                0x08007748                        . = ALIGN (0x4)
                0x08007748                        PROVIDE (__init_array_start = .)
 *(SORT_BY_NAME(.init_array.*))
 *(.init_array*)
 .init_array    0x08007748        0x4 D:/ST/STM32CubeIDE_2.2.0/STM32CubeIDE/plugins/com.st.stm32cube.ide.mcu.externaltools.gnu-tools-for-stm32.14.3.rel1.win32_1.0.100.202602081740/tools/bin/../lib/gcc/arm-none-eabi/14.3.1/thumb/v7e-m+fp/hard/crtbegin.o
                0x0800774c                        PROVIDE (__init_array_end = .)
                0x0800774c                        . = ALIGN (0x4)

.fini_array     0x0800774c        0x4
                0x0800774c                        . = ALIGN (0x4)
                [!provide]                        PROVIDE (__fini_array_start = .)
 *(SORT_BY_NAME(.fini_array.*))
 *(.fini_array*)
 .fini_array    0x0800774c        0x4 D:/ST/STM32CubeIDE_2.2.0/STM32CubeIDE/plugins/com.st.stm32cube.ide.mcu.externaltools.gnu-tools-for-stm32.14.3.rel1.win32_1.0.100.202602081740/tools/bin/../lib/gcc/arm-none-eabi/14.3.1/thumb/v7e-m+fp/hard/crtbegin.o
                [!provide]                        PROVIDE (__fini_array_end = .)
                0x08007750                        . = ALIGN (0x4)
                0x08007750                        _sidata = LOADADDR (.data)

.rel.dyn        0x08007750        0x0
 .rel.iplt      0x08007750        0x0 D:/ST/STM32CubeIDE_2.2.0/STM32CubeIDE/plugins/com.st.stm32cube.ide.mcu.externaltools.gnu-tools-for-stm32.14.3.rel1.win32_1.0.100.202602081740/tools/bin/../lib/gcc/arm-none-eabi/14.3.1/thumb/v7e-m+fp/hard/crtbegin.o

.data           0x20000000      0x108 load address 0x08007750
                0x20000000                        . = ALIGN (0x4)
                0x20000000                        _sdata = .
 *(.data)
 *(.data*)
 .data.HID_Buffer
                0x20000000        0x4 ./Core/Src/main.o
                0x20000000                HID_Buffer
 .data.SystemCoreClock
                0x20000004        0x4 ./Core/Src/system_stm32f4xx.o
                0x20000004                SystemCoreClock
 .data.USBD_HID
                0x20000008       0x38 ./Core/Src/usbd_hid.o
                0x20000008                USBD_HID
 .data.USBD_HID_CfgDesc
                0x20000040       0x22 ./Core/Src/usbd_hid.o
 *fill*         0x20000062        0x2 
 .data.USBD_HID_Desc
                0x20000064        0x9 ./Core/Src/usbd_hid.o
 *fill*         0x2000006d        0x3 
 .data.USBD_HID_DeviceQualifierDesc
                0x20000070        0xa ./Core/Src/usbd_hid.o
 *fill*         0x2000007a        0x2 
 .data.HID_MOUSE_ReportDesc
                0x2000007c       0x32 ./Core/Src/usbd_hid.o
 .data.HIDInEpAdd
                0x200000ae        0x1 ./Core/Src/usbd_hid.o
 *fill*         0x200000af        0x1 
 .data.uwTickPrio
                0x200000b0        0x4 ./Drivers/STM32F4xx_HAL_Driver/Src/stm32f4xx_hal.o
                0x200000b0                uwTickPrio
 .data.uwTickFreq
                0x200000b4        0x1 ./Drivers/STM32F4xx_HAL_Driver/Src/stm32f4xx_hal.o
                0x200000b4                uwTickFreq
 *fill*         0x200000b5        0x3 
 .data.FS_Desc  0x200000b8       0x1c ./USB_DEVICE/App/usbd_desc.o
                0x200000b8                FS_Desc
 .data.USBD_FS_DeviceDesc
                0x200000d4       0x12 ./USB_DEVICE/App/usbd_desc.o
                0x200000d4                USBD_FS_DeviceDesc
 *fill*         0x200000e6        0x2 
 .data.USBD_LangIDDesc
                0x200000e8        0x4 ./USB_DEVICE/App/usbd_desc.o
                0x200000e8                USBD_LangIDDesc
 .data.USBD_StringSerial
                0x200000ec       0x1a ./USB_DEVICE/App/usbd_desc.o
                0x200000ec                USBD_StringSerial
 *(.RamFunc)
 *(.RamFunc*)
                0x20000108                        . = ALIGN (0x4)
 *fill*         0x20000106        0x2 
                0x20000108                        _edata = .

.igot.plt       0x20000108        0x0 load address 0x08007858
 .igot.plt      0x20000108        0x0 D:/ST/STM32CubeIDE_2.2.0/STM32CubeIDE/plugins/com.st.stm32cube.ide.mcu.externaltools.gnu-tools-for-stm32.14.3.rel1.win32_1.0.100.202602081740/tools/bin/../lib/gcc/arm-none-eabi/14.3.1/thumb/v7e-m+fp/hard/crtbegin.o
                0x20000108                        . = ALIGN (0x4)

.bss            0x20000108      0xaa8 load address 0x08007858
                0x20000108                        _sbss = .
                0x20000108                        __bss_start__ = _sbss
 *(.bss)
 .bss           0x20000108       0x1c D:/ST/STM32CubeIDE_2.2.0/STM32CubeIDE/plugins/com.st.stm32cube.ide.mcu.externaltools.gnu-tools-for-stm32.14.3.rel1.win32_1.0.100.202602081740/tools/bin/../lib/gcc/arm-none-eabi/14.3.1/thumb/v7e-m+fp/hard/crtbegin.o
 *(.bss*)
 .bss.hadc1     0x20000124       0x48 ./Core/Src/main.o
                0x20000124                hadc1
 .bss.hdma_adc1
                0x2000016c       0x60 ./Core/Src/main.o
                0x2000016c                hdma_adc1
 .bss.ADC_Val   0x200001cc        0x2 ./Core/Src/main.o
                0x200001cc                ADC_Val
 *fill*         0x200001ce        0x2 
 .bss.Mouse_Buffer
                0x200001d0        0x3 ./Core/Src/main.o
                0x200001d0                Mouse_Buffer
 *fill*         0x200001d3        0x1 
 .bss.uwTick    0x200001d4        0x4 ./Drivers/STM32F4xx_HAL_Driver/Src/stm32f4xx_hal.o
                0x200001d4                uwTick
 .bss.cfgidx.0  0x200001d8        0x1 ./Middlewares/ST/STM32_USB_Device_Library/Core/Src/usbd_ctlreq.o
 *fill*         0x200001d9        0x3 
 .bss.hUsbDeviceFS
                0x200001dc      0x2dc ./USB_DEVICE/App/usb_device.o
                0x200001dc                hUsbDeviceFS
 .bss.USBD_StrDesc
                0x200004b8      0x200 ./USB_DEVICE/App/usbd_desc.o
                0x200004b8                USBD_StrDesc
 .bss.hpcd_USB_OTG_FS
                0x200006b8      0x4e4 ./USB_DEVICE/Target/usbd_conf.o
                0x200006b8                hpcd_USB_OTG_FS
 .bss.mem.0     0x20000b9c       0x14 ./USB_DEVICE/Target/usbd_conf.o
 *(COMMON)
                0x20000bb0                        . = ALIGN (0x4)
                0x20000bb0                        _ebss = .
                0x20000bb0                        __bss_end__ = _ebss

._user_heap_stack
                0x20000bb0      0x600 load address 0x08007858
                0x20000bb0                        . = ALIGN (0x8)
                [!provide]                        PROVIDE (end = .)
                0x20000bb0                        PROVIDE (_end = .)
                0x20000db0                        . = (. + _Min_Heap_Size)
 *fill*         0x20000bb0      0x200 
                0x200011b0                        . = (. + _Min_Stack_Size)
 *fill*         0x20000db0      0x400 
                0x200011b0                        . = ALIGN (0x8)

/DISCARD/
 libc.a(*)
 libm.a(*)
 libgcc.a(*)

.ARM.attributes
                0x00000000       0x30
 *(.ARM.attributes)
 .ARM.attributes
                0x00000000       0x22 D:/ST/STM32CubeIDE_2.2.0/STM32CubeIDE/plugins/com.st.stm32cube.ide.mcu.externaltools.gnu-tools-for-stm32.14.3.rel1.win32_1.0.100.202602081740/tools/bin/../lib/gcc/arm-none-eabi/14.3.1/thumb/v7e-m+fp/hard/crti.o
 .ARM.attributes
                0x00000022       0x34 D:/ST/STM32CubeIDE_2.2.0/STM32CubeIDE/plugins/com.st.stm32cube.ide.mcu.externaltools.gnu-tools-for-stm32.14.3.rel1.win32_1.0.100.202602081740/tools/bin/../lib/gcc/arm-none-eabi/14.3.1/thumb/v7e-m+fp/hard/crtbegin.o
 .ARM.attributes
                0x00000056       0x34 ./Core/Src/main.o
 .ARM.attributes
                0x0000008a       0x34 ./Core/Src/stm32f4xx_hal_msp.o
 .ARM.attributes
                0x000000be       0x34 ./Core/Src/stm32f4xx_it.o
 .ARM.attributes
                0x000000f2       0x34 ./Core/Src/system_stm32f4xx.o
 .ARM.attributes
                0x00000126       0x34 ./Core/Src/usbd_hid.o
 .ARM.attributes
                0x0000015a       0x21 ./Core/Startup/startup_stm32f411ceux.o
 .ARM.attributes
                0x0000017b       0x34 ./Drivers/STM32F4xx_HAL_Driver/Src/stm32f4xx_hal.o
 .ARM.attributes
                0x000001af       0x34 ./Drivers/STM32F4xx_HAL_Driver/Src/stm32f4xx_hal_adc.o
 .ARM.attributes
                0x000001e3       0x34 ./Drivers/STM32F4xx_HAL_Driver/Src/stm32f4xx_hal_cortex.o
 .ARM.attributes
                0x00000217       0x34 ./Drivers/STM32F4xx_HAL_Driver/Src/stm32f4xx_hal_dma.o
 .ARM.attributes
                0x0000024b       0x34 ./Drivers/STM32F4xx_HAL_Driver/Src/stm32f4xx_hal_gpio.o
 .ARM.attributes
                0x0000027f       0x34 ./Drivers/STM32F4xx_HAL_Driver/Src/stm32f4xx_hal_pcd.o
 .ARM.attributes
                0x000002b3       0x34 ./Drivers/STM32F4xx_HAL_Driver/Src/stm32f4xx_hal_pcd_ex.o
 .ARM.attributes
                0x000002e7       0x34 ./Drivers/STM32F4xx_HAL_Driver/Src/stm32f4xx_hal_rcc.o
 .ARM.attributes
                0x0000031b       0x34 ./Drivers/STM32F4xx_HAL_Driver/Src/stm32f4xx_ll_usb.o
 .ARM.attributes
                0x0000034f       0x34 ./Middlewares/ST/STM32_USB_Device_Library/Core/Src/usbd_core.o
 .ARM.attributes
                0x00000383       0x34 ./Middlewares/ST/STM32_USB_Device_Library/Core/Src/usbd_ctlreq.o
 .ARM.attributes
                0x000003b7       0x34 ./Middlewares/ST/STM32_USB_Device_Library/Core/Src/usbd_ioreq.o
 .ARM.attributes
                0x000003eb       0x34 ./USB_DEVICE/App/usb_device.o
 .ARM.attributes
                0x0000041f       0x34 ./USB_DEVICE/App/usbd_desc.o
 .ARM.attributes
                0x00000453       0x34 ./USB_DEVICE/Target/usbd_conf.o
 .ARM.attributes
                0x00000487       0x34 D:/ST/STM32CubeIDE_2.2.0/STM32CubeIDE/plugins/com.st.stm32cube.ide.mcu.externaltools.gnu-tools-for-stm32.14.3.rel1.win32_1.0.100.202602081740/tools/bin/../lib/gcc/arm-none-eabi/14.3.1/../../../../arm-none-eabi/lib/thumb/v7e-m+fp/hard\libc_nano.a(libc_a-memset.o)
 .ARM.attributes
                0x000004bb       0x34 D:/ST/STM32CubeIDE_2.2.0/STM32CubeIDE/plugins/com.st.stm32cube.ide.mcu.externaltools.gnu-tools-for-stm32.14.3.rel1.win32_1.0.100.202602081740/tools/bin/../lib/gcc/arm-none-eabi/14.3.1/../../../../arm-none-eabi/lib/thumb/v7e-m+fp/hard\libc_nano.a(libc_a-init.o)
 .ARM.attributes
                0x000004ef       0x22 D:/ST/STM32CubeIDE_2.2.0/STM32CubeIDE/plugins/com.st.stm32cube.ide.mcu.externaltools.gnu-tools-for-stm32.14.3.rel1.win32_1.0.100.202602081740/tools/bin/../lib/gcc/arm-none-eabi/14.3.1/thumb/v7e-m+fp/hard\libgcc.a(_aeabi_uldivmod.o)
 .ARM.attributes
                0x00000511       0x34 D:/ST/STM32CubeIDE_2.2.0/STM32CubeIDE/plugins/com.st.stm32cube.ide.mcu.externaltools.gnu-tools-for-stm32.14.3.rel1.win32_1.0.100.202602081740/tools/bin/../lib/gcc/arm-none-eabi/14.3.1/thumb/v7e-m+fp/hard\libgcc.a(_udivmoddi4.o)
 .ARM.attributes
                0x00000545       0x22 D:/ST/STM32CubeIDE_2.2.0/STM32CubeIDE/plugins/com.st.stm32cube.ide.mcu.externaltools.gnu-tools-for-stm32.14.3.rel1.win32_1.0.100.202602081740/tools/bin/../lib/gcc/arm-none-eabi/14.3.1/thumb/v7e-m+fp/hard\libgcc.a(_dvmd_tls.o)
 .ARM.attributes
                0x00000567       0x22 D:/ST/STM32CubeIDE_2.2.0/STM32CubeIDE/plugins/com.st.stm32cube.ide.mcu.externaltools.gnu-tools-for-stm32.14.3.rel1.win32_1.0.100.202602081740/tools/bin/../lib/gcc/arm-none-eabi/14.3.1/thumb/v7e-m+fp/hard/crtn.o
OUTPUT(Joystick_f411ceu6.elf elf32-littlearm)
LOAD linker stubs
LOAD D:/ST/STM32CubeIDE_2.2.0/STM32CubeIDE/plugins/com.st.stm32cube.ide.mcu.externaltools.gnu-tools-for-stm32.14.3.rel1.win32_1.0.100.202602081740/tools/bin/../lib/gcc/arm-none-eabi/14.3.1/../../../../arm-none-eabi/lib/thumb/v7e-m+fp/hard\libc.a
LOAD D:/ST/STM32CubeIDE_2.2.0/STM32CubeIDE/plugins/com.st.stm32cube.ide.mcu.externaltools.gnu-tools-for-stm32.14.3.rel1.win32_1.0.100.202602081740/tools/bin/../lib/gcc/arm-none-eabi/14.3.1/../../../../arm-none-eabi/lib/thumb/v7e-m+fp/hard\libm.a
LOAD D:/ST/STM32CubeIDE_2.2.0/STM32CubeIDE/plugins/com.st.stm32cube.ide.mcu.externaltools.gnu-tools-for-stm32.14.3.rel1.win32_1.0.100.202602081740/tools/bin/../lib/gcc/arm-none-eabi/14.3.1/thumb/v7e-m+fp/hard\libgcc.a

.debug_info     0x00000000     0xee59
 .debug_info    0x00000000     0x140b ./Core/Src/main.o
 .debug_info    0x0000140b      0x98b ./Core/Src/stm32f4xx_hal_msp.o
 .debug_info    0x00001d96      0x897 ./Core/Src/stm32f4xx_it.o
 .debug_info    0x0000262d      0x53e ./Core/Src/system_stm32f4xx.o
 .debug_info    0x00002b6b      0xa91 ./Core/Src/usbd_hid.o
 .debug_info    0x000035fc       0x30 ./Core/Startup/startup_stm32f411ceux.o
 .debug_info    0x0000362c      0x8c4 ./Drivers/STM32F4xx_HAL_Driver/Src/stm32f4xx_hal.o
 .debug_info    0x00003ef0      0xce0 ./Drivers/STM32F4xx_HAL_Driver/Src/stm32f4xx_hal_adc.o
 .debug_info    0x00004bd0      0xcfc ./Drivers/STM32F4xx_HAL_Driver/Src/stm32f4xx_hal_cortex.o
 .debug_info    0x000058cc      0x8e6 ./Drivers/STM32F4xx_HAL_Driver/Src/stm32f4xx_hal_dma.o
 .debug_info    0x000061b2      0x6f9 ./Drivers/STM32F4xx_HAL_Driver/Src/stm32f4xx_hal_gpio.o
 .debug_info    0x000068ab     0x1577 ./Drivers/STM32F4xx_HAL_Driver/Src/stm32f4xx_hal_pcd.o
 .debug_info    0x00007e22      0x6ea ./Drivers/STM32F4xx_HAL_Driver/Src/stm32f4xx_hal_pcd_ex.o
 .debug_info    0x0000850c      0x904 ./Drivers/STM32F4xx_HAL_Driver/Src/stm32f4xx_hal_rcc.o
 .debug_info    0x00008e10     0x1993 ./Drivers/STM32F4xx_HAL_Driver/Src/stm32f4xx_ll_usb.o
 .debug_info    0x0000a7a3      0xe12 ./Middlewares/ST/STM32_USB_Device_Library/Core/Src/usbd_core.o
 .debug_info    0x0000b5b5      0xaeb ./Middlewares/ST/STM32_USB_Device_Library/Core/Src/usbd_ctlreq.o
 .debug_info    0x0000c0a0      0x762 ./Middlewares/ST/STM32_USB_Device_Library/Core/Src/usbd_ioreq.o
 .debug_info    0x0000c802      0x5fc ./USB_DEVICE/App/usb_device.o
 .debug_info    0x0000cdfe      0x458 ./USB_DEVICE/App/usbd_desc.o
 .debug_info    0x0000d256     0x1c03 ./USB_DEVICE/Target/usbd_conf.o

.debug_abbrev   0x00000000     0x2d78
 .debug_abbrev  0x00000000      0x34d ./Core/Src/main.o
 .debug_abbrev  0x0000034d      0x1e3 ./Core/Src/stm32f4xx_hal_msp.o
 .debug_abbrev  0x00000530      0x1bf ./Core/Src/stm32f4xx_it.o
 .debug_abbrev  0x000006ef      0x11a ./Core/Src/system_stm32f4xx.o
 .debug_abbrev  0x00000809      0x2b3 ./Core/Src/usbd_hid.o
 .debug_abbrev  0x00000abc       0x24 ./Core/Startup/startup_stm32f411ceux.o
 .debug_abbrev  0x00000ae0      0x24b ./Drivers/STM32F4xx_HAL_Driver/Src/stm32f4xx_hal.o
 .debug_abbrev  0x00000d2b      0x20e ./Drivers/STM32F4xx_HAL_Driver/Src/stm32f4xx_hal_adc.o
 .debug_abbrev  0x00000f39      0x31d ./Drivers/STM32F4xx_HAL_Driver/Src/stm32f4xx_hal_cortex.o
 .debug_abbrev  0x00001256      0x221 ./Drivers/STM32F4xx_HAL_Driver/Src/stm32f4xx_hal_dma.o
 .debug_abbrev  0x00001477      0x1d3 ./Drivers/STM32F4xx_HAL_Driver/Src/stm32f4xx_hal_gpio.o
 .debug_abbrev  0x0000164a      0x2b6 ./Drivers/STM32F4xx_HAL_Driver/Src/stm32f4xx_hal_pcd.o
 .debug_abbrev  0x00001900      0x1da ./Drivers/STM32F4xx_HAL_Driver/Src/stm32f4xx_hal_pcd_ex.o
 .debug_abbrev  0x00001ada      0x2b6 ./Drivers/STM32F4xx_HAL_Driver/Src/stm32f4xx_hal_rcc.o
 .debug_abbrev  0x00001d90      0x2b3 ./Drivers/STM32F4xx_HAL_Driver/Src/stm32f4xx_ll_usb.o
 .debug_abbrev  0x00002043      0x27c ./Middlewares/ST/STM32_USB_Device_Library/Core/Src/usbd_core.o
 .debug_abbrev  0x000022bf      0x26f ./Middlewares/ST/STM32_USB_Device_Library/Core/Src/usbd_ctlreq.o
 .debug_abbrev  0x0000252e      0x19a ./Middlewares/ST/STM32_USB_Device_Library/Core/Src/usbd_ioreq.o
 .debug_abbrev  0x000026c8      0x190 ./USB_DEVICE/App/usb_device.o
 .debug_abbrev  0x00002858      0x1e1 ./USB_DEVICE/App/usbd_desc.o
 .debug_abbrev  0x00002a39      0x33f ./USB_DEVICE/Target/usbd_conf.o

.debug_aranges  0x00000000      0xc98
 .debug_aranges
                0x00000000       0x60 ./Core/Src/main.o
 .debug_aranges
                0x00000060       0x30 ./Core/Src/stm32f4xx_hal_msp.o
 .debug_aranges
                0x00000090       0x70 ./Core/Src/stm32f4xx_it.o
 .debug_aranges
                0x00000100       0x28 ./Core/Src/system_stm32f4xx.o
 .debug_aranges
                0x00000128       0x68 ./Core/Src/usbd_hid.o
 .debug_aranges
                0x00000190       0x28 ./Core/Startup/startup_stm32f411ceux.o
 .debug_aranges
                0x000001b8       0xf0 ./Drivers/STM32F4xx_HAL_Driver/Src/stm32f4xx_hal.o
 .debug_aranges
                0x000002a8       0xe8 ./Drivers/STM32F4xx_HAL_Driver/Src/stm32f4xx_hal_adc.o
 .debug_aranges
                0x00000390      0x130 ./Drivers/STM32F4xx_HAL_Driver/Src/stm32f4xx_hal_cortex.o
 .debug_aranges
                0x000004c0       0x90 ./Drivers/STM32F4xx_HAL_Driver/Src/stm32f4xx_hal_dma.o
 .debug_aranges
                0x00000550       0x58 ./Drivers/STM32F4xx_HAL_Driver/Src/stm32f4xx_hal_gpio.o
 .debug_aranges
                0x000005a8      0x148 ./Drivers/STM32F4xx_HAL_Driver/Src/stm32f4xx_hal_pcd.o
 .debug_aranges
                0x000006f0       0x38 ./Drivers/STM32F4xx_HAL_Driver/Src/stm32f4xx_hal_pcd_ex.o
 .debug_aranges
                0x00000728       0x88 ./Drivers/STM32F4xx_HAL_Driver/Src/stm32f4xx_hal_rcc.o
 .debug_aranges
                0x000007b0      0x1a0 ./Drivers/STM32F4xx_HAL_Driver/Src/stm32f4xx_ll_usb.o
 .debug_aranges
                0x00000950       0xd8 ./Middlewares/ST/STM32_USB_Device_Library/Core/Src/usbd_core.o
 .debug_aranges
                0x00000a28       0x90 ./Middlewares/ST/STM32_USB_Device_Library/Core/Src/usbd_ctlreq.o
 .debug_aranges
                0x00000ab8       0x50 ./Middlewares/ST/STM32_USB_Device_Library/Core/Src/usbd_ioreq.o
 .debug_aranges
                0x00000b08       0x20 ./USB_DEVICE/App/usb_device.o
 .debug_aranges
                0x00000b28       0x60 ./USB_DEVICE/App/usbd_desc.o
 .debug_aranges
                0x00000b88      0x110 ./USB_DEVICE/Target/usbd_conf.o

.debug_rnglists
                0x00000000      0x959
 .debug_rnglists
                0x00000000       0x46 ./Core/Src/main.o
 .debug_rnglists
                0x00000046       0x20 ./Core/Src/stm32f4xx_hal_msp.o
 .debug_rnglists
                0x00000066       0x4f ./Core/Src/stm32f4xx_it.o
 .debug_rnglists
                0x000000b5       0x1a ./Core/Src/system_stm32f4xx.o
 .debug_rnglists
                0x000000cf       0x4c ./Core/Src/usbd_hid.o
 .debug_rnglists
                0x0000011b       0x19 ./Core/Startup/startup_stm32f411ceux.o
 .debug_rnglists
                0x00000134       0xaf ./Drivers/STM32F4xx_HAL_Driver/Src/stm32f4xx_hal.o
 .debug_rnglists
                0x000001e3       0xb5 ./Drivers/STM32F4xx_HAL_Driver/Src/stm32f4xx_hal_adc.o
 .debug_rnglists
                0x00000298       0xe0 ./Drivers/STM32F4xx_HAL_Driver/Src/stm32f4xx_hal_cortex.o
 .debug_rnglists
                0x00000378       0x70 ./Drivers/STM32F4xx_HAL_Driver/Src/stm32f4xx_hal_dma.o
 .debug_rnglists
                0x000003e8       0x3f ./Drivers/STM32F4xx_HAL_Driver/Src/stm32f4xx_hal_gpio.o
 .debug_rnglists
                0x00000427       0xfa ./Drivers/STM32F4xx_HAL_Driver/Src/stm32f4xx_hal_pcd.o
 .debug_rnglists
                0x00000521       0x26 ./Drivers/STM32F4xx_HAL_Driver/Src/stm32f4xx_hal_pcd_ex.o
 .debug_rnglists
                0x00000547       0x66 ./Drivers/STM32F4xx_HAL_Driver/Src/stm32f4xx_hal_rcc.o
 .debug_rnglists
                0x000005ad      0x147 ./Drivers/STM32F4xx_HAL_Driver/Src/stm32f4xx_ll_usb.o
 .debug_rnglists
                0x000006f4       0xa1 ./Middlewares/ST/STM32_USB_Device_Library/Core/Src/usbd_core.o
 .debug_rnglists
                0x00000795       0x6e ./Middlewares/ST/STM32_USB_Device_Library/Core/Src/usbd_ctlreq.o
 .debug_rnglists
                0x00000803       0x37 ./Middlewares/ST/STM32_USB_Device_Library/Core/Src/usbd_ioreq.o
 .debug_rnglists
                0x0000083a       0x13 ./USB_DEVICE/App/usb_device.o
 .debug_rnglists
                0x0000084d       0x43 ./USB_DEVICE/App/usbd_desc.o
 .debug_rnglists
                0x00000890       0xc9 ./USB_DEVICE/Target/usbd_conf.o

.debug_macro    0x00000000    0x18f42
 .debug_macro   0x00000000      0x3bd ./Core/Src/main.o
 .debug_macro   0x000003bd      0xad8 ./Core/Src/main.o
 .debug_macro   0x00000e95      0x29b ./Core/Src/main.o
 .debug_macro   0x00001130       0x2e ./Core/Src/main.o
 .debug_macro   0x0000115e       0x28 ./Core/Src/main.o
 .debug_macro   0x00001186       0x22 ./Core/Src/main.o
 .debug_macro   0x000011a8       0x8e ./Core/Src/main.o
 .debug_macro   0x00001236       0x51 ./Core/Src/main.o
 .debug_macro   0x00001287      0x103 ./Core/Src/main.o
 .debug_macro   0x0000138a       0x6a ./Core/Src/main.o
 .debug_macro   0x000013f4      0x1df ./Core/Src/main.o
 .debug_macro   0x000015d3       0x1c ./Core/Src/main.o
 .debug_macro   0x000015ef       0x22 ./Core/Src/main.o
 .debug_macro   0x00001611       0xfb ./Core/Src/main.o
 .debug_macro   0x0000170c     0x1011 ./Core/Src/main.o
 .debug_macro   0x0000271d      0x11f ./Core/Src/main.o
 .debug_macro   0x0000283c     0xb968 ./Core/Src/main.o
 .debug_macro   0x0000e1a4       0x6d ./Core/Src/main.o
 .debug_macro   0x0000e211     0x3693 ./Core/Src/main.o
 .debug_macro   0x000118a4      0x190 ./Core/Src/main.o
 .debug_macro   0x00011a34       0x5c ./Core/Src/main.o
 .debug_macro   0x00011a90      0x45c ./Core/Src/main.o
 .debug_macro   0x00011eec      0x9e9 ./Core/Src/main.o
 .debug_macro   0x000128d5      0x115 ./Core/Src/main.o
 .debug_macro   0x000129ea      0x11b ./Core/Src/main.o
 .debug_macro   0x00012b05       0xa5 ./Core/Src/main.o
 .debug_macro   0x00012baa      0x15f ./Core/Src/main.o
 .debug_macro   0x00012d09      0x287 ./Core/Src/main.o
 .debug_macro   0x00012f90       0x5f ./Core/Src/main.o
 .debug_macro   0x00012fef      0x236 ./Core/Src/main.o
 .debug_macro   0x00013225      0x9e1 ./Core/Src/main.o
 .debug_macro   0x00013c06      0x38b ./Core/Src/main.o
 .debug_macro   0x00013f91      0x17d ./Core/Src/main.o
 .debug_macro   0x0001410e       0xf9 ./Core/Src/main.o
 .debug_macro   0x00014207      0x132 ./Core/Src/main.o
 .debug_macro   0x00014339      0x264 ./Core/Src/main.o
 .debug_macro   0x0001459d       0x2e ./Core/Src/main.o
 .debug_macro   0x000145cb      0x127 ./Core/Src/main.o
 .debug_macro   0x000146f2       0x85 ./Core/Src/main.o
 .debug_macro   0x00014777       0x89 ./Core/Src/main.o
 .debug_macro   0x00014800      0x293 ./Core/Src/main.o
 .debug_macro   0x00014a93       0xba ./Core/Src/main.o
 .debug_macro   0x00014b4d      0x126 ./Core/Src/main.o
 .debug_macro   0x00014c73       0x61 ./Core/Src/main.o
 .debug_macro   0x00014cd4       0x2a ./Core/Src/main.o
 .debug_macro   0x00014cfe       0x43 ./Core/Src/main.o
 .debug_macro   0x00014d41       0x34 ./Core/Src/main.o
 .debug_macro   0x00014d75       0x16 ./Core/Src/main.o
 .debug_macro   0x00014d8b       0x3c ./Core/Src/main.o
 .debug_macro   0x00014dc7      0x364 ./Core/Src/main.o
 .debug_macro   0x0001512b       0x10 ./Core/Src/main.o
 .debug_macro   0x0001513b       0x16 ./Core/Src/main.o
 .debug_macro   0x00015151       0x4a ./Core/Src/main.o
 .debug_macro   0x0001519b       0x34 ./Core/Src/main.o
 .debug_macro   0x000151cf       0x10 ./Core/Src/main.o
 .debug_macro   0x000151df       0x58 ./Core/Src/main.o
 .debug_macro   0x00015237       0x8e ./Core/Src/main.o
 .debug_macro   0x000152c5       0x1c ./Core/Src/main.o
 .debug_macro   0x000152e1      0x17e ./Core/Src/main.o
 .debug_macro   0x0001545f       0x16 ./Core/Src/main.o
 .debug_macro   0x00015475       0x16 ./Core/Src/main.o
 .debug_macro   0x0001548b      0x146 ./Core/Src/main.o
 .debug_macro   0x000155d1       0x16 ./Core/Src/main.o
 .debug_macro   0x000155e7       0x16 ./Core/Src/main.o
 .debug_macro   0x000155fd       0x29 ./Core/Src/main.o
 .debug_macro   0x00015626       0x16 ./Core/Src/main.o
 .debug_macro   0x0001563c       0x20 ./Core/Src/main.o
 .debug_macro   0x0001565c       0x6b ./Core/Src/main.o
 .debug_macro   0x000156c7      0x20f ./Core/Src/main.o
 .debug_macro   0x000158d6       0x5f ./Core/Src/main.o
 .debug_macro   0x00015935      0x206 ./Core/Src/stm32f4xx_hal_msp.o
 .debug_macro   0x00015b3b      0x210 ./Core/Src/stm32f4xx_it.o
 .debug_macro   0x00015d4b      0x1fc ./Core/Src/system_stm32f4xx.o
 .debug_macro   0x00015f47      0x395 ./Core/Src/usbd_hid.o
 .debug_macro   0x000162dc       0x9e ./Core/Src/usbd_hid.o
 .debug_macro   0x0001637a      0x112 ./Core/Src/usbd_hid.o
 .debug_macro   0x0001648c       0x56 ./Core/Src/usbd_hid.o
 .debug_macro   0x000164e2      0x25c ./Drivers/STM32F4xx_HAL_Driver/Src/stm32f4xx_hal.o
 .debug_macro   0x0001673e      0x1fd ./Drivers/STM32F4xx_HAL_Driver/Src/stm32f4xx_hal_adc.o
 .debug_macro   0x0001693b      0x1fc ./Drivers/STM32F4xx_HAL_Driver/Src/stm32f4xx_hal_cortex.o
 .debug_macro   0x00016b37      0x202 ./Drivers/STM32F4xx_HAL_Driver/Src/stm32f4xx_hal_dma.o
 .debug_macro   0x00016d39      0x202 ./Drivers/STM32F4xx_HAL_Driver/Src/stm32f4xx_hal_gpio.o
 .debug_macro   0x00016f3b      0x208 ./Drivers/STM32F4xx_HAL_Driver/Src/stm32f4xx_hal_pcd.o
 .debug_macro   0x00017143      0x1fc ./Drivers/STM32F4xx_HAL_Driver/Src/stm32f4xx_hal_pcd_ex.o
 .debug_macro   0x0001733f      0x220 ./Drivers/STM32F4xx_HAL_Driver/Src/stm32f4xx_hal_rcc.o
 .debug_macro   0x0001755f      0x1fc ./Drivers/STM32F4xx_HAL_Driver/Src/stm32f4xx_ll_usb.o
 .debug_macro   0x0001775b      0x37c ./Middlewares/ST/STM32_USB_Device_Library/Core/Src/usbd_core.o
 .debug_macro   0x00017ad7      0x215 ./Middlewares/ST/STM32_USB_Device_Library/Core/Src/usbd_core.o
 .debug_macro   0x00017cec      0x386 ./Middlewares/ST/STM32_USB_Device_Library/Core/Src/usbd_ctlreq.o
 .debug_macro   0x00018072      0x382 ./Middlewares/ST/STM32_USB_Device_Library/Core/Src/usbd_ioreq.o
 .debug_macro   0x000183f4      0x3b2 ./USB_DEVICE/App/usb_device.o
 .debug_macro   0x000187a6       0x22 ./USB_DEVICE/App/usb_device.o
 .debug_macro   0x000187c8      0x3bf ./USB_DEVICE/App/usbd_desc.o
 .debug_macro   0x00018b87       0x1c ./USB_DEVICE/App/usbd_desc.o
 .debug_macro   0x00018ba3      0x39f ./USB_DEVICE/Target/usbd_conf.o

.debug_line     0x00000000    0x10e96
 .debug_line    0x00000000      0xc16 ./Core/Src/main.o
 .debug_line    0x00000c16      0x802 ./Core/Src/stm32f4xx_hal_msp.o
 .debug_line    0x00001418      0x86e ./Core/Src/stm32f4xx_it.o
 .debug_line    0x00001c86      0x805 ./Core/Src/system_stm32f4xx.o
 .debug_line    0x0000248b      0xc57 ./Core/Src/usbd_hid.o
 .debug_line    0x000030e2       0x7a ./Core/Startup/startup_stm32f411ceux.o
 .debug_line    0x0000315c      0xa84 ./Drivers/STM32F4xx_HAL_Driver/Src/stm32f4xx_hal.o
 .debug_line    0x00003be0     0x11d8 ./Drivers/STM32F4xx_HAL_Driver/Src/stm32f4xx_hal_adc.o
 .debug_line    0x00004db8      0xd51 ./Drivers/STM32F4xx_HAL_Driver/Src/stm32f4xx_hal_cortex.o
 .debug_line    0x00005b09      0xfed ./Drivers/STM32F4xx_HAL_Driver/Src/stm32f4xx_hal_dma.o
 .debug_line    0x00006af6      0xb9a ./Drivers/STM32F4xx_HAL_Driver/Src/stm32f4xx_hal_gpio.o
 .debug_line    0x00007690     0x14ca ./Drivers/STM32F4xx_HAL_Driver/Src/stm32f4xx_hal_pcd.o
 .debug_line    0x00008b5a      0x84a ./Drivers/STM32F4xx_HAL_Driver/Src/stm32f4xx_hal_pcd_ex.o
 .debug_line    0x000093a4      0xe8e ./Drivers/STM32F4xx_HAL_Driver/Src/stm32f4xx_hal_rcc.o
 .debug_line    0x0000a232     0x1d5f ./Drivers/STM32F4xx_HAL_Driver/Src/stm32f4xx_ll_usb.o
 .debug_line    0x0000bf91      0xfa7 ./Middlewares/ST/STM32_USB_Device_Library/Core/Src/usbd_core.o
 .debug_line    0x0000cf38     0x1169 ./Middlewares/ST/STM32_USB_Device_Library/Core/Src/usbd_ctlreq.o
 .debug_line    0x0000e0a1      0xaae ./Middlewares/ST/STM32_USB_Device_Library/Core/Src/usbd_ioreq.o
 .debug_line    0x0000eb4f      0xa1c ./USB_DEVICE/App/usb_device.o
 .debug_line    0x0000f56b      0xb1d ./USB_DEVICE/App/usbd_desc.o
 .debug_line    0x00010088      0xe0e ./USB_DEVICE/Target/usbd_conf.o

.debug_str      0x00000000    0x9305f
 .debug_str     0x00000000    0x9305f ./Core/Src/main.o
                              0x901f9 (size before relaxing)
 .debug_str     0x0009305f    0x8b32b ./Core/Src/stm32f4xx_hal_msp.o
 .debug_str     0x0009305f    0x8b409 ./Core/Src/stm32f4xx_it.o
 .debug_str     0x0009305f    0x8aedc ./Core/Src/system_stm32f4xx.o
 .debug_str     0x0009305f    0x8f8a7 ./Core/Src/usbd_hid.o
 .debug_str     0x0009305f       0x6b ./Core/Startup/startup_stm32f411ceux.o
 .debug_str     0x0009305f    0x8b908 ./Drivers/STM32F4xx_HAL_Driver/Src/stm32f4xx_hal.o
 .debug_str     0x0009305f    0x8b4b7 ./Drivers/STM32F4xx_HAL_Driver/Src/stm32f4xx_hal_adc.o
 .debug_str     0x0009305f    0x8b672 ./Drivers/STM32F4xx_HAL_Driver/Src/stm32f4xx_hal_cortex.o
 .debug_str     0x0009305f    0x8b2e4 ./Drivers/STM32F4xx_HAL_Driver/Src/stm32f4xx_hal_dma.o
 .debug_str     0x0009305f    0x8b057 ./Drivers/STM32F4xx_HAL_Driver/Src/stm32f4xx_hal_gpio.o
 .debug_str     0x0009305f    0x8b9a8 ./Drivers/STM32F4xx_HAL_Driver/Src/stm32f4xx_hal_pcd.o
 .debug_str     0x0009305f    0x8b298 ./Drivers/STM32F4xx_HAL_Driver/Src/stm32f4xx_hal_pcd_ex.o
 .debug_str     0x0009305f    0x8b310 ./Drivers/STM32F4xx_HAL_Driver/Src/stm32f4xx_hal_rcc.o
 .debug_str     0x0009305f    0x8b883 ./Drivers/STM32F4xx_HAL_Driver/Src/stm32f4xx_ll_usb.o
 .debug_str     0x0009305f    0x8f83f ./Middlewares/ST/STM32_USB_Device_Library/Core/Src/usbd_core.o
 .debug_str     0x0009305f    0x8f66a ./Middlewares/ST/STM32_USB_Device_Library/Core/Src/usbd_ctlreq.o
 .debug_str     0x0009305f    0x8f53f ./Middlewares/ST/STM32_USB_Device_Library/Core/Src/usbd_ioreq.o
 .debug_str     0x0009305f    0x8f6d2 ./USB_DEVICE/App/usb_device.o
 .debug_str     0x0009305f    0x8f437 ./USB_DEVICE/App/usbd_desc.o
 .debug_str     0x0009305f    0x9048e ./USB_DEVICE/Target/usbd_conf.o

.comment        0x00000000       0x43
 .comment       0x00000000       0x43 ./Core/Src/main.o
                                 0x44 (size before relaxing)
 .comment       0x00000043       0x44 ./Core/Src/stm32f4xx_hal_msp.o
 .comment       0x00000043       0x44 ./Core/Src/stm32f4xx_it.o
 .comment       0x00000043       0x44 ./Core/Src/system_stm32f4xx.o
 .comment       0x00000043       0x44 ./Core/Src/usbd_hid.o
 .comment       0x00000043       0x44 ./Drivers/STM32F4xx_HAL_Driver/Src/stm32f4xx_hal.o
 .comment       0x00000043       0x44 ./Drivers/STM32F4xx_HAL_Driver/Src/stm32f4xx_hal_adc.o
 .comment       0x00000043       0x44 ./Drivers/STM32F4xx_HAL_Driver/Src/stm32f4xx_hal_cortex.o
 .comment       0x00000043       0x44 ./Drivers/STM32F4xx_HAL_Driver/Src/stm32f4xx_hal_dma.o
 .comment       0x00000043       0x44 ./Drivers/STM32F4xx_HAL_Driver/Src/stm32f4xx_hal_gpio.o
 .comment       0x00000043       0x44 ./Drivers/STM32F4xx_HAL_Driver/Src/stm32f4xx_hal_pcd.o
 .comment       0x00000043       0x44 ./Drivers/STM32F4xx_HAL_Driver/Src/stm32f4xx_hal_pcd_ex.o
 .comment       0x00000043       0x44 ./Drivers/STM32F4xx_HAL_Driver/Src/stm32f4xx_hal_rcc.o
 .comment       0x00000043       0x44 ./Drivers/STM32F4xx_HAL_Driver/Src/stm32f4xx_ll_usb.o
 .comment       0x00000043       0x44 ./Middlewares/ST/STM32_USB_Device_Library/Core/Src/usbd_core.o
 .comment       0x00000043       0x44 ./Middlewares/ST/STM32_USB_Device_Library/Core/Src/usbd_ctlreq.o
 .comment       0x00000043       0x44 ./Middlewares/ST/STM32_USB_Device_Library/Core/Src/usbd_ioreq.o
 .comment       0x00000043       0x44 ./USB_DEVICE/App/usb_device.o
 .comment       0x00000043       0x44 ./USB_DEVICE/App/usbd_desc.o
 .comment       0x00000043       0x44 ./USB_DEVICE/Target/usbd_conf.o

.debug_frame    0x00000000     0x3000
 .debug_frame   0x00000000      0x144 ./Core/Src/main.o
 .debug_frame   0x00000144       0x7c ./Core/Src/stm32f4xx_hal_msp.o
 .debug_frame   0x000001c0      0x130 ./Core/Src/stm32f4xx_it.o
 .debug_frame   0x000002f0       0x50 ./Core/Src/system_stm32f4xx.o
 .debug_frame   0x00000340      0x178 ./Core/Src/usbd_hid.o
 .debug_frame   0x000004b8      0x31c ./Drivers/STM32F4xx_HAL_Driver/Src/stm32f4xx_hal.o
 .debug_frame   0x000007d4      0x3bc ./Drivers/STM32F4xx_HAL_Driver/Src/stm32f4xx_hal_adc.o
 .debug_frame   0x00000b90      0x4b8 ./Drivers/STM32F4xx_HAL_Driver/Src/stm32f4xx_hal_cortex.o
 .debug_frame   0x00001048      0x230 ./Drivers/STM32F4xx_HAL_Driver/Src/stm32f4xx_hal_dma.o
 .debug_frame   0x00001278      0x130 ./Drivers/STM32F4xx_HAL_Driver/Src/stm32f4xx_hal_gpio.o
 .debug_frame   0x000013a8      0x574 ./Drivers/STM32F4xx_HAL_Driver/Src/stm32f4xx_hal_pcd.o
 .debug_frame   0x0000191c       0xa0 ./Drivers/STM32F4xx_HAL_Driver/Src/stm32f4xx_hal_pcd_ex.o
 .debug_frame   0x000019bc      0x1d8 ./Drivers/STM32F4xx_HAL_Driver/Src/stm32f4xx_hal_rcc.o
 .debug_frame   0x00001b94      0x724 ./Drivers/STM32F4xx_HAL_Driver/Src/stm32f4xx_ll_usb.o
 .debug_frame   0x000022b8      0x370 ./Middlewares/ST/STM32_USB_Device_Library/Core/Src/usbd_core.o
 .debug_frame   0x00002628      0x234 ./Middlewares/ST/STM32_USB_Device_Library/Core/Src/usbd_ctlreq.o
 .debug_frame   0x0000285c      0x10c ./Middlewares/ST/STM32_USB_Device_Library/Core/Src/usbd_ioreq.o
 .debug_frame   0x00002968       0x2c ./USB_DEVICE/App/usb_device.o
 .debug_frame   0x00002994      0x154 ./USB_DEVICE/App/usbd_desc.o
 .debug_frame   0x00002ae8      0x46c ./USB_DEVICE/Target/usbd_conf.o
 .debug_frame   0x00002f54       0x20 D:/ST/STM32CubeIDE_2.2.0/STM32CubeIDE/plugins/com.st.stm32cube.ide.mcu.externaltools.gnu-tools-for-stm32.14.3.rel1.win32_1.0.100.202602081740/tools/bin/../lib/gcc/arm-none-eabi/14.3.1/../../../../arm-none-eabi/lib/thumb/v7e-m+fp/hard\libc_nano.a(libc_a-memset.o)
 .debug_frame   0x00002f74       0x2c D:/ST/STM32CubeIDE_2.2.0/STM32CubeIDE/plugins/com.st.stm32cube.ide.mcu.externaltools.gnu-tools-for-stm32.14.3.rel1.win32_1.0.100.202602081740/tools/bin/../lib/gcc/arm-none-eabi/14.3.1/../../../../arm-none-eabi/lib/thumb/v7e-m+fp/hard\libc_nano.a(libc_a-init.o)
 .debug_frame   0x00002fa0       0x2c D:/ST/STM32CubeIDE_2.2.0/STM32CubeIDE/plugins/com.st.stm32cube.ide.mcu.externaltools.gnu-tools-for-stm32.14.3.rel1.win32_1.0.100.202602081740/tools/bin/../lib/gcc/arm-none-eabi/14.3.1/thumb/v7e-m+fp/hard\libgcc.a(_aeabi_uldivmod.o)
 .debug_frame   0x00002fcc       0x34 D:/ST/STM32CubeIDE_2.2.0/STM32CubeIDE/plugins/com.st.stm32cube.ide.mcu.externaltools.gnu-tools-for-stm32.14.3.rel1.win32_1.0.100.202602081740/tools/bin/../lib/gcc/arm-none-eabi/14.3.1/thumb/v7e-m+fp/hard\libgcc.a(_udivmoddi4.o)

.debug_line_str
                0x00000000       0x4f
 .debug_line_str
                0x00000000       0x4f ./Core/Startup/startup_stm32f411ceux.o
